Archive member included to satisfy reference by file (symbol)

/usr/lib/gcc/arm-none-eabi/6.3.1/../../../arm-none-eabi/lib/thumb/v7e-m/fpv4-sp/hard/libm.a(lib_a-w_sqrt.o)
                              /home/phong/Documents/thesis/stm32f4/build/madgwick.o (sqrt)
/usr/lib/gcc/arm-none-eabi/6.3.1/../../../arm-none-eabi/lib/thumb/v7e-m/fpv4-sp/hard/libm.a(lib_a-e_sqrt.o)
                              /usr/lib/gcc/arm-none-eabi/6.3.1/../../../arm-none-eabi/lib/thumb/v7e-m/fpv4-sp/hard/libm.a(lib_a-w_sqrt.o) (__ieee754_sqrt)
/usr/lib/gcc/arm-none-eabi/6.3.1/../../../arm-none-eabi/lib/thumb/v7e-m/fpv4-sp/hard/libm.a(lib_a-s_lib_ver.o)
                              /usr/lib/gcc/arm-none-eabi/6.3.1/../../../arm-none-eabi/lib/thumb/v7e-m/fpv4-sp/hard/libm.a(lib_a-w_sqrt.o) (__fdlib_version)
/usr/lib/gcc/arm-none-eabi/6.3.1/../../../arm-none-eabi/lib/thumb/v7e-m/fpv4-sp/hard/libm.a(lib_a-s_matherr.o)
                              /usr/lib/gcc/arm-none-eabi/6.3.1/../../../arm-none-eabi/lib/thumb/v7e-m/fpv4-sp/hard/libm.a(lib_a-w_sqrt.o) (matherr)
/usr/lib/gcc/arm-none-eabi/6.3.1/../../../arm-none-eabi/lib/thumb/v7e-m/fpv4-sp/hard/libc.a(lib_a-atexit.o)
                              /usr/lib/gcc/arm-none-eabi/6.3.1/../../../arm-none-eabi/lib/thumb/v7e-m/fpv4-sp/hard/crt0.o (atexit)
/usr/lib/gcc/arm-none-eabi/6.3.1/../../../arm-none-eabi/lib/thumb/v7e-m/fpv4-sp/hard/libc.a(lib_a-calloc.o)
                              /home/phong/Documents/thesis/stm32f4/build/mpu6050.o (calloc)
/usr/lib/gcc/arm-none-eabi/6.3.1/../../../arm-none-eabi/lib/thumb/v7e-m/fpv4-sp/hard/libc.a(lib_a-callocr.o)
                              /usr/lib/gcc/arm-none-eabi/6.3.1/../../../arm-none-eabi/lib/thumb/v7e-m/fpv4-sp/hard/libc.a(lib_a-calloc.o) (_calloc_r)
/usr/lib/gcc/arm-none-eabi/6.3.1/../../../arm-none-eabi/lib/thumb/v7e-m/fpv4-sp/hard/libc.a(lib_a-errno.o)
                              /usr/lib/gcc/arm-none-eabi/6.3.1/../../../arm-none-eabi/lib/thumb/v7e-m/fpv4-sp/hard/libm.a(lib_a-w_sqrt.o) (__errno)
/usr/lib/gcc/arm-none-eabi/6.3.1/../../../arm-none-eabi/lib/thumb/v7e-m/fpv4-sp/hard/libc.a(lib_a-exit.o)
                              /usr/lib/gcc/arm-none-eabi/6.3.1/../../../arm-none-eabi/lib/thumb/v7e-m/fpv4-sp/hard/crt0.o (exit)
/usr/lib/gcc/arm-none-eabi/6.3.1/../../../arm-none-eabi/lib/thumb/v7e-m/fpv4-sp/hard/libc.a(lib_a-fini.o)
                              /usr/lib/gcc/arm-none-eabi/6.3.1/../../../arm-none-eabi/lib/thumb/v7e-m/fpv4-sp/hard/crt0.o (__libc_fini_array)
/usr/lib/gcc/arm-none-eabi/6.3.1/../../../arm-none-eabi/lib/thumb/v7e-m/fpv4-sp/hard/libc.a(lib_a-impure.o)
                              /usr/lib/gcc/arm-none-eabi/6.3.1/../../../arm-none-eabi/lib/thumb/v7e-m/fpv4-sp/hard/libc.a(lib_a-exit.o) (_global_impure_ptr)
/usr/lib/gcc/arm-none-eabi/6.3.1/../../../arm-none-eabi/lib/thumb/v7e-m/fpv4-sp/hard/libc.a(lib_a-init.o)
                              /usr/lib/gcc/arm-none-eabi/6.3.1/../../../arm-none-eabi/lib/thumb/v7e-m/fpv4-sp/hard/crt0.o (__libc_init_array)
/usr/lib/gcc/arm-none-eabi/6.3.1/../../../arm-none-eabi/lib/thumb/v7e-m/fpv4-sp/hard/libc.a(lib_a-malloc.o)
                              /home/phong/Documents/thesis/stm32f4/build/log.o (malloc)
/usr/lib/gcc/arm-none-eabi/6.3.1/../../../arm-none-eabi/lib/thumb/v7e-m/fpv4-sp/hard/libc.a(lib_a-mallocr.o)
                              /usr/lib/gcc/arm-none-eabi/6.3.1/../../../arm-none-eabi/lib/thumb/v7e-m/fpv4-sp/hard/libc.a(lib_a-callocr.o) (_malloc_r)
/usr/lib/gcc/arm-none-eabi/6.3.1/../../../arm-none-eabi/lib/thumb/v7e-m/fpv4-sp/hard/libc.a(lib_a-memcpy.o)
                              /home/phong/Documents/thesis/stm32f4/build/queue.o (memcpy)
/usr/lib/gcc/arm-none-eabi/6.3.1/../../../arm-none-eabi/lib/thumb/v7e-m/fpv4-sp/hard/libc.a(lib_a-memset.o)
                              /usr/lib/gcc/arm-none-eabi/6.3.1/../../../arm-none-eabi/lib/thumb/v7e-m/fpv4-sp/hard/crt0.o (memset)
/usr/lib/gcc/arm-none-eabi/6.3.1/../../../arm-none-eabi/lib/thumb/v7e-m/fpv4-sp/hard/libc.a(lib_a-mlock.o)
                              /usr/lib/gcc/arm-none-eabi/6.3.1/../../../arm-none-eabi/lib/thumb/v7e-m/fpv4-sp/hard/libc.a(lib_a-mallocr.o) (__malloc_lock)
/usr/lib/gcc/arm-none-eabi/6.3.1/../../../arm-none-eabi/lib/thumb/v7e-m/fpv4-sp/hard/libc.a(lib_a-sbrkr.o)
                              /usr/lib/gcc/arm-none-eabi/6.3.1/../../../arm-none-eabi/lib/thumb/v7e-m/fpv4-sp/hard/libc.a(lib_a-mallocr.o) (_sbrk_r)
/usr/lib/gcc/arm-none-eabi/6.3.1/../../../arm-none-eabi/lib/thumb/v7e-m/fpv4-sp/hard/libc.a(lib_a-sprintf.o)
                              /home/phong/Documents/thesis/stm32f4/build/log.o (sprintf)
/usr/lib/gcc/arm-none-eabi/6.3.1/../../../arm-none-eabi/lib/thumb/v7e-m/fpv4-sp/hard/libc.a(lib_a-strcmp.o)
                              /home/phong/Documents/thesis/stm32f4/build/log.o (strcmp)
/usr/lib/gcc/arm-none-eabi/6.3.1/../../../arm-none-eabi/lib/thumb/v7e-m/fpv4-sp/hard/libc.a(lib_a-strcpy.o)
[...]
Memory Configuration

Name             Origin             Length             Attributes
RAM              0x0000000020000000 0x0000000000020000 xrw
CCMRAM           0x0000000010000000 0x0000000000010000 rw
FLASH            0x0000000008000000 0x0000000000100000 xr
*default*        0x0000000000000000 0xffffffffffffffff

Linker script and memory map

LOAD /usr/lib/gcc/arm-none-eabi/6.3.1/thumb/v7e-m/fpv4-sp/hard/crti.o
LOAD /usr/lib/gcc/arm-none-eabi/6.3.1/thumb/v7e-m/fpv4-sp/hard/crtbegin.o
LOAD /usr/lib/gcc/arm-none-eabi/6.3.1/../../../arm-none-eabi/lib/thumb/v7e-m/fpv4-sp/hard/crt0.o
LOAD /home/phong/Documents/thesis/stm32f4/build/uart.o
LOAD /home/phong/Documents/thesis/stm32f4/build/i2c.o
LOAD /home/phong/Documents/thesis/stm32f4/build/spi.o
LOAD /home/phong/Documents/thesis/stm32f4/build/gpio.o
LOAD /home/phong/Documents/thesis/stm32f4/build/dma.o
LOAD /home/phong/Documents/thesis/stm32f4/build/dac.o
LOAD /home/phong/Documents/thesis/stm32f4/build/can.o
LOAD /home/phong/Documents/thesis/stm32f4/build/timer.o
LOAD /home/phong/Documents/thesis/stm32f4/build/rtc.o
LOAD /home/phong/Documents/thesis/stm32f4/build/i2s.o
LOAD /home/phong/Documents/thesis/stm32f4/build/adc.o
LOAD /home/phong/Documents/thesis/stm32f4/build/queue.o
LOAD /home/phong/Documents/thesis/stm32f4/build/croutine.o
LOAD /home/phong/Documents/thesis/stm32f4/build/list.o
LOAD /home/phong/Documents/thesis/stm32f4/build/stream_buffer.o
LOAD /home/phong/Documents/thesis/stm32f4/build/event_groups.o
LOAD /home/phong/Documents/thesis/stm32f4/build/tasks.o
LOAD /home/phong/Documents/thesis/stm32f4/build/timers.o
LOAD /home/phong/Documents/thesis/stm32f4/build/mpu6050.o
LOAD /home/phong/Documents/thesis/stm32f4/build/ak8963.o
LOAD /home/phong/Documents/thesis/stm32f4/build/mpu9250.o
LOAD /home/phong/Documents/thesis/stm32f4/build/madgwick.o
LOAD /home/phong/Documents/thesis/stm32f4/build/log.o
LOAD /home/phong/Documents/thesis/stm32f4/build/robot_hardware.o
LOAD /home/phong/Documents/thesis/stm32f4/build/stm32f4xx_it.o
LOAD /home/phong/Documents/thesis/stm32f4/build/system_stm32f4xx.o
LOAD /home/phong/Documents/thesis/stm32f4/build/software_resolver.o
LOAD /home/phong/Documents/thesis/stm32f4/build/stepmotor.o
LOAD /home/phong/Documents/thesis/stm32f4/build/panic.o
LOAD /home/phong/Documents/thesis/stm32f4/build/stm32f4xx_hal_flash_ex.o
LOAD /home/phong/Documents/thesis/stm32f4/build/stm32f4xx_ll_fmc.o
LOAD /home/phong/Documents/thesis/stm32f4/build/stm32f4xx_hal_flash_ramfunc.o
LOAD /home/phong/Documents/thesis/stm32f4/build/stm32f4xx_hal_rcc_ex.o
LOAD /home/phong/Documents/thesis/stm32f4/build/stm32f4xx_hal_uart.o
LOAD /home/phong/Documents/thesis/stm32f4/build/stm32f4xx_ll_rtc.o
LOAD /home/phong/Documents/thesis/stm32f4/build/stm32f4xx_hal_spi.o
LOAD /home/phong/Documents/thesis/stm32f4/build/stm32f4xx_hal_i2c.o
LOAD /home/phong/Documents/thesis/stm32f4/build/stm32f4xx_hal_mmc.o
LOAD /home/phong/Documents/thesis/stm32f4/build/stm32f4xx_hal_gpio.o
LOAD /home/phong/Documents/thesis/stm32f4/build/stm32f4xx_ll_i2c.o
LOAD /home/phong/Documents/thesis/stm32f4/build/stm32f4xx_hal_smartcard.o
LOAD /home/phong/Documents/thesis/stm32f4/build/stm32f4xx_hal_fmpi2c.o
LOAD /home/phong/Documents/thesis/stm32f4/build/stm32f4xx_hal_exti.o
LOAD /home/phong/Documents/thesis/stm32f4/build/stm32f4xx_hal_dma2d.o
LOAD /home/phong/Documents/thesis/stm32f4/build/stm32f4xx_hal_sai.o
LOAD /home/phong/Documents/thesis/stm32f4/build/stm32f4xx_hal_cryp_ex.o
LOAD /home/phong/Documents/thesis/stm32f4/build/stm32f4xx_hal_sai_ex.o
LOAD /home/phong/Documents/thesis/stm32f4/build/stm32f4xx_hal_hash.o
LOAD /home/phong/Documents/thesis/stm32f4/build/stm32f4xx_hal_ltdc_ex.o
LOAD /home/phong/Documents/thesis/stm32f4/build/stm32f4xx_hal_wwdg.o
LOAD /home/phong/Documents/thesis/stm32f4/build/stm32f4xx_ll_rcc.o
LOAD /home/phong/Documents/thesis/stm32f4/build/stm32f4xx_hal_iwdg.o
LOAD /home/phong/Documents/thesis/stm32f4/build/stm32f4xx_hal_dfsdm.o
LOAD /home/phong/Documents/thesis/stm32f4/build/stm32f4xx_hal_adc_ex.o
LOAD /home/phong/Documents/thesis/stm32f4/build/stm32f4xx_hal_i2c_ex.o
LOAD /home/phong/Documents/thesis/stm32f4/build/stm32f4xx_hal_smbus.o
LOAD /home/phong/Documents/thesis/stm32f4/build/stm32f4xx_hal_dma.o
LOAD /home/phong/Documents/thesis/stm32f4/build/stm32f4xx_hal_dsi.o
LOAD /home/phong/Documents/thesis/stm32f4/build/stm32f4xx_hal_ltdc.o
LOAD /home/phong/Documents/thesis/stm32f4/build/stm32f4xx_hal_pccard.o
LOAD /home/phong/Documents/thesis/stm32f4/build/stm32f4xx_hal_spdifrx.o
LOAD /home/phong/Documents/thesis/stm32f4/build/stm32f4xx_ll_usart.o
LOAD /home/phong/Documents/thesis/stm32f4/build/stm32f4xx_hal_hcd.o
LOAD /home/phong/Documents/thesis/stm32f4/build/stm32f4xx_hal_dac.o
LOAD /home/phong/Documents/thesis/stm32f4/build/stm32f4xx_hal_can.o
LOAD /home/phong/Documents/thesis/stm32f4/build/stm32f4xx_hal_nand.o
LOAD /home/phong/Documents/thesis/stm32f4/build/stm32f4xx_hal_rtc.o
LOAD /home/phong/Documents/thesis/stm32f4/build/stm32f4xx_hal_nor.o
LOAD /home/phong/Documents/thesis/stm32f4/build/stm32f4xx_hal_qspi.o
LOAD /home/phong/Documents/thesis/stm32f4/build/stm32f4xx_hal_hash_ex.o
LOAD /home/phong/Documents/thesis/stm32f4/build/stm32f4xx_hal_dcmi.o
LOAD /home/phong/Documents/thesis/stm32f4/build/stm32f4xx_hal_i2s.o
LOAD /home/phong/Documents/thesis/stm32f4/build/stm32f4xx_hal_sram.o
LOAD /home/phong/Documents/thesis/stm32f4/build/stm32f4xx_hal_pcd.o
LOAD /home/phong/Documents/thesis/stm32f4/build/stm32f4xx_hal_eth.o
LOAD /home/phong/Documents/thesis/stm32f4/build/stm32f4xx_ll_dac.o
LOAD /home/phong/Documents/thesis/stm32f4/build/stm32f4xx_ll_rng.o
LOAD /home/phong/Documents/thesis/stm32f4/build/stm32f4xx_hal_tim.o
LOAD /home/phong/Documents/thesis/stm32f4/build/stm32f4xx_hal_dma_ex.o
LOAD /home/phong/Documents/thesis/stm32f4/build/stm32f4xx_hal_sd.o
LOAD /home/phong/Documents/thesis/stm32f4/build/stm32f4xx_hal_dac_ex.o
LOAD /home/phong/Documents/thesis/stm32f4/build/stm32f4xx_ll_lptim.o
LOAD /home/phong/Documents/thesis/stm32f4/build/stm32f4xx_hal_rcc.o
LOAD /home/phong/Documents/thesis/stm32f4/build/stm32f4xx_ll_sdmmc.o
LOAD /home/phong/Documents/thesis/stm32f4/build/stm32f4xx_hal_rtc_ex.o
LOAD /home/phong/Documents/thesis/stm32f4/build/stm32f4xx_hal_pwr_ex.o
LOAD /home/phong/Documents/thesis/stm32f4/build/stm32f4xx_ll_tim.o
LOAD /home/phong/Documents/thesis/stm32f4/build/stm32f4xx_hal_adc.o
LOAD /home/phong/Documents/thesis/stm32f4/build/stm32f4xx_ll_adc.o
LOAD /home/phong/Documents/thesis/stm32f4/build/stm32f4xx_hal_pcd_ex.o
LOAD /home/phong/Documents/thesis/stm32f4/build/stm32f4xx_hal_sdram.o
LOAD /home/phong/Documents/thesis/stm32f4/build/stm32f4xx_ll_spi.o
LOAD /home/phong/Documents/thesis/stm32f4/build/stm32f4xx_ll_pwr.o
LOAD /home/phong/Documents/thesis/stm32f4/build/stm32f4xx_ll_gpio.o
LOAD /home/phong/Documents/thesis/stm32f4/build/stm32f4xx_hal_flash.o
LOAD /home/phong/Documents/thesis/stm32f4/build/stm32f4xx_hal_crc.o
LOAD /home/phong/Documents/thesis/stm32f4/build/stm32f4xx_hal_lptim.o
LOAD /home/phong/Documents/thesis/stm32f4/build/stm32f4xx_hal_usart.o
LOAD /home/phong/Documents/thesis/stm32f4/build/stm32f4xx_ll_exti.o
LOAD /home/phong/Documents/thesis/stm32f4/build/stm32f4xx_hal_cortex.o
LOAD /home/phong/Documents/thesis/stm32f4/build/stm32f4xx_hal_tim_ex.o
LOAD /home/phong/Documents/thesis/stm32f4/build/stm32f4xx_hal_irda.o
LOAD /home/phong/Documents/thesis/stm32f4/build/stm32f4xx_ll_crc.o
LOAD /home/phong/Documents/thesis/stm32f4/build/stm32f4xx_hal_fmpi2c_ex.o
LOAD /home/phong/Documents/thesis/stm32f4/build/stm32f4xx_hal.o
LOAD /home/phong/Documents/thesis/stm32f4/build/stm32f4xx_ll_fsmc.o
LOAD /home/phong/Documents/thesis/stm32f4/build/stm32f4xx_hal_i2s_ex.o
LOAD /home/phong/Documents/thesis/stm32f4/build/stm32f4xx_ll_usb.o
LOAD /home/phong/Documents/thesis/stm32f4/build/stm32f4xx_hal_msp_template.o
LOAD /home/phong/Documents/thesis/stm32f4/build/stm32f4xx_hal_dcmi_ex.o
LOAD /home/phong/Documents/thesis/stm32f4/build/stm32f4xx_hal_cec.o
LOAD /home/phong/Documents/thesis/stm32f4/build/stm32f4xx_ll_dma2d.o
LOAD /home/phong/Documents/thesis/stm32f4/build/stm32f4xx_hal_cryp.o
LOAD /home/phong/Documents/thesis/stm32f4/build/stm32f4xx_hal_rng.o
LOAD /home/phong/Documents/thesis/stm32f4/build/stm32f4xx_ll_utils.o
LOAD /home/phong/Documents/thesis/stm32f4/build/stm32f4xx_ll_dma.o
LOAD /home/phong/Documents/thesis/stm32f4/build/stm32f4xx_hal_pwr.o
LOAD /home/phong/Documents/thesis/stm32f4/build/heap_4.o
LOAD /home/phong/Documents/thesis/stm32f4/build/port.o
LOAD /home/phong/Documents/thesis/stm32f4/build/main.o
LOAD /home/phong/Documents/thesis/stm32f4/build/duration.o
LOAD /home/phong/Documents/thesis/stm32f4/build/time.o
LOAD /home/phong/Documents/thesis/stm32f4/build/startup_stm32f407xx.o
LOAD /usr/lib/gcc/arm-none-eabi/6.3.1/../../../arm-none-eabi/lib/thumb/v7e-m/fpv4-sp/hard/libnosys.a
LOAD /usr/lib/gcc/arm-none-eabi/6.3.1/../../../arm-none-eabi/lib/thumb/v7e-m/fpv4-sp/hard/libstdc++.a
LOAD /usr/lib/gcc/arm-none-eabi/6.3.1/../../../arm-none-eabi/lib/thumb/v7e-m/fpv4-sp/hard/libm.a
LOAD /usr/lib/gcc/arm-none-eabi/6.3.1/../../../arm-none-eabi/lib/thumb/v7e-m/fpv4-sp/hard/libc.a
START GROUP
LOAD /usr/lib/gcc/arm-none-eabi/6.3.1/thumb/v7e-m/fpv4-sp/hard/libgcc.a
LOAD /usr/lib/gcc/arm-none-eabi/6.3.1/../../../arm-none-eabi/lib/thumb/v7e-m/fpv4-sp/hard/libc.a
END GROUP
START GROUP
LOAD /usr/lib/gcc/arm-none-eabi/6.3.1/thumb/v7e-m/fpv4-sp/hard/libgcc.a
LOAD /usr/lib/gcc/arm-none-eabi/6.3.1/../../../arm-none-eabi/lib/thumb/v7e-m/fpv4-sp/hard/libc.a
LOAD /usr/lib/gcc/arm-none-eabi/6.3.1/../../../arm-none-eabi/lib/thumb/v7e-m/fpv4-sp/hard/libnosys.a
END GROUP
LOAD /usr/lib/gcc/arm-none-eabi/6.3.1/thumb/v7e-m/fpv4-sp/hard/crtend.o
LOAD /usr/lib/gcc/arm-none-eabi/6.3.1/thumb/v7e-m/fpv4-sp/hard/crtn.o
                0x0000000020020000                _estack = 0x20020000
                0x0000000000000200                _Min_Heap_Size = 0x200
                0x0000000000000400                _Min_Stack_Size = 0x400

.isr_vector     0x0000000008000000      0x188
                0x0000000008000000                . = ALIGN (0x4)
 *(.isr_vector)
 .isr_vector    0x0000000008000000      0x188 /home/phong/Documents/thesis/stm32f4/build/startup_stm32f407xx.o
                0x0000000008000000                g_pfnVectors
                0x0000000008000188                . = ALIGN (0x4)

.text           0x00000000080001c0     0x4940
                0x00000000080001c0                . = ALIGN (0x4)
 *(.text)
 .text          0x00000000080001c0       0xa4 /usr/lib/gcc/arm-none-eabi/6.3.1/thumb/v7e-m/fpv4-sp/hard/crtbegin.o
 .text          0x0000000008000264        0xc /usr/lib/gcc/arm-none-eabi/6.3.1/../../../arm-none-eabi/lib/thumb/v7e-m/fpv4-sp/hard/libc.a(lib_a-atexit.o)
                0x0000000008000264                atexit
 .text          0x0000000008000270       0x34 /usr/lib/gcc/arm-none-eabi/6.3.1/../../../arm-none-eabi/lib/thumb/v7e-m/fpv4-sp/hard/libc.a(lib_a-fini.o)
                0x0000000008000270                __libc_fini_array
 .text          0x00000000080002a4       0x50 /usr/lib/gcc/arm-none-eabi/6.3.1/../../../arm-none-eabi/lib/thumb/v7e-m/fpv4-sp/hard/libc.a(lib_a-init.o)
                0x00000000080002a4                __libc_init_array
 .text          0x00000000080002f4       0x20 /usr/lib/gcc/arm-none-eabi/6.3.1/../../../arm-none-eabi/lib/thumb/v7e-m/fpv4-sp/hard/libc.a(lib_a-malloc.o)
                0x00000000080002f4                malloc
                0x0000000008000304                free
 .text          0x0000000008000314      0x554 /usr/lib/gcc/arm-none-eabi/6.3.1/../../../arm-none-eabi/lib/thumb/v7e-m/fpv4-sp/hard/libc.a(lib_a-mallocr.o)
                0x0000000008000314                _malloc_r
 .text          0x0000000008000868      0x134 /usr/lib/gcc/arm-none-eabi/6.3.1/../../../arm-none-eabi/lib/thumb/v7e-m/fpv4-sp/hard/libc.a(lib_a-memcpy.o)
                0x0000000008000868                memcpy
 .text          0x000000000800099c       0x9c /usr/lib/gcc/arm-none-eabi/6.3.1/../../../arm-none-eabi/lib/thumb/v7e-m/fpv4-sp/hard/libc.a(lib_a-memset.o)
                0x000000000800099c                memset
 .text          0x0000000008000a38        0x8 /usr/lib/gcc/arm-none-eabi/6.3.1/../../../arm-none-eabi/lib/thumb/v7e-m/fpv4-sp/hard/libc.a(lib_a-mlock.o)
                0x0000000008000a38                __malloc_lock
                0x0000000008000a3c                __malloc_unlock
 .text          0x0000000008000a40       0x24 /usr/lib/gcc/arm-none-eabi/6.3.1/../../../arm-none-eabi/lib/thumb/v7e-m/fpv4-sp/hard/libc.a(lib_a-sbrkr.o)
                0x0000000008000a40                _sbrk_r
 *fill*         0x0000000008000a64       0x1c 
 .text          0x0000000008000a80      0x2dc /usr/lib/gcc/arm-none-eabi/6.3.1/../../../arm-none-eabi/lib/thumb/v7e-m/fpv4-sp/hard/libc.a(lib_a-strcmp.o)
                0x0000000008000a88                strcmp
 .text          0x0000000008000d5c       0xbc /usr/lib/gcc/arm-none-eabi/6.3.1/../../../arm-none-eabi/lib/thumb/v7e-m/fpv4-sp/hard/libc.a(lib_a-strcpy.o)
                0x0000000008000d5c                strcpy
 *fill*         0x0000000008000e18       0x28 
 .text          0x0000000008000e40       0xdc /usr/lib/gcc/arm-none-eabi/6.3.1/../../../arm-none-eabi/lib/thumb/v7e-m/fpv4-sp/hard/libc.a(lib_a-strlen.o)
                0x0000000008000e40                strlen
 .text          0x0000000008000f1c       0xa4 /usr/lib/gcc/arm-none-eabi/6.3.1/../../../arm-none-eabi/lib/thumb/v7e-m/fpv4-sp/hard/libc.a(lib_a-__atexit.o)
                0x0000000008000f1c                __register_exitproc
 .text          0x0000000008000fc0      0x26c /usr/lib/gcc/arm-none-eabi/6.3.1/../../../arm-none-eabi/lib/thumb/v7e-m/fpv4-sp/hard/libc.a(lib_a-freer.o)
                0x0000000008000fc0                _malloc_trim_r
                0x0000000008001060                _free_r
 .text          0x000000000800122c       0x30 /usr/lib/gcc/arm-none-eabi/6.3.1/thumb/v7e-m/fpv4-sp/hard/libgcc.a(_aeabi_uldivmod.o)
                0x000000000800122c                __aeabi_uldivmod
 .text          0x000000000800125c      0x2dc /usr/lib/gcc/arm-none-eabi/6.3.1/thumb/v7e-m/fpv4-sp/hard/libgcc.a(_udivmoddi4.o)
                0x000000000800125c                __udivmoddi4
 .text          0x0000000008001538      0x9cc /usr/lib/gcc/arm-none-eabi/6.3.1/thumb/v7e-m/fpv4-sp/hard/libgcc.a(unwind-arm.o)
                0x00000000080017f8                _Unwind_GetCFA
                0x00000000080017fc                __gnu_Unwind_RaiseException
                0x000000000800185c                __gnu_Unwind_ForcedUnwind
                0x0000000008001870                __gnu_Unwind_Resume
                0x00000000080018b4                __gnu_Unwind_Resume_or_Rethrow
                0x00000000080018c4                _Unwind_Complete
                0x00000000080018c8                _Unwind_DeleteException
                0x00000000080018d4                _Unwind_VRS_Get
                0x0000000008001920                _Unwind_VRS_Set
                0x0000000008001970                __gnu_Unwind_Backtrace
                0x0000000008001cb0                __aeabi_unwind_cpp_pr0
                0x0000000008001cb4                __aeabi_unwind_cpp_pr1
                0x0000000008001cb8                __aeabi_unwind_cpp_pr2
                0x0000000008001cbc                _Unwind_VRS_Pop
 .text          0x0000000008001f04      0x1ac /usr/lib/gcc/arm-none-eabi/6.3.1/thumb/v7e-m/fpv4-sp/hard/libgcc.a(libunwind.o)
                0x0000000008001f04                __restore_core_regs
                0x0000000008001f04                restore_core_regs
                0x0000000008001f1c                __gnu_Unwind_Restore_VFP
                0x0000000008001f24                __gnu_Unwind_Save_VFP
                0x0000000008001f2c                __gnu_Unwind_Restore_VFP_D
                0x0000000008001f34                __gnu_Unwind_Save_VFP_D
                0x0000000008001f3c                __gnu_Unwind_Restore_VFP_D_16_to_31
                0x0000000008001f44                __gnu_Unwind_Save_VFP_D_16_to_31
                0x0000000008001f4c                __gnu_Unwind_Restore_WMMXD
                0x0000000008001f90                __gnu_Unwind_Save_WMMXD
                0x0000000008001fd4                __gnu_Unwind_Restore_WMMXC
                0x0000000008001fe8                __gnu_Unwind_Save_WMMXC
                0x0000000008001ffc                ___Unwind_RaiseException
                0x0000000008001ffc                _Unwind_RaiseException
                0x0000000008002020                ___Unwind_Resume
                0x0000000008002020                _Unwind_Resume
                0x0000000008002044                _Unwind_Resume_or_Rethrow
                0x0000000008002044                ___Unwind_Resume_or_Rethrow
                0x0000000008002068                ___Unwind_ForcedUnwind
                0x0000000008002068                _Unwind_ForcedUnwind
                0x000000000800208c                _Unwind_Backtrace
                0x000000000800208c                ___Unwind_Backtrace
 .text          0x00000000080020b0      0x380 /usr/lib/gcc/arm-none-eabi/6.3.1/thumb/v7e-m/fpv4-sp/hard/libgcc.a(pr-support.o)
                0x0000000008002108                __gnu_unwind_execute
                0x00000000080023d8                __gnu_unwind_frame
                0x0000000008002400                _Unwind_GetRegionStart
                0x000000000800240c                _Unwind_GetLanguageSpecificData
                0x0000000008002420                _Unwind_GetTextRelBase
                0x0000000008002428                _Unwind_GetDataRelBase
 .text          0x0000000008002430        0x4 /usr/lib/gcc/arm-none-eabi/6.3.1/thumb/v7e-m/fpv4-sp/hard/libgcc.a(_dvmd_tls.o)
                0x0000000008002430                __aeabi_ldiv0
                0x0000000008002430                __aeabi_idiv0
 .text          0x0000000008002434       0x10 /usr/lib/gcc/arm-none-eabi/6.3.1/../../../arm-none-eabi/lib/thumb/v7e-m/fpv4-sp/hard/libc.a(lib_a-abort.o)
                0x0000000008002434                abort
 .text          0x0000000008002444      0x178 /usr/lib/gcc/arm-none-eabi/6.3.1/../../../arm-none-eabi/lib/thumb/v7e-m/fpv4-sp/hard/libc.a(lib_a-signal.o)
                0x000000000800246c                _init_signal_r
                0x0000000008002478                _signal_r
                0x00000000080024bc                _raise_r
                0x000000000800251c                __sigtramp_r
                0x0000000008002578                raise
                0x0000000008002588                signal
                0x0000000008002598                _init_signal
                0x00000000080025ac                __sigtramp
 .text          0x00000000080025bc       0x2c /usr/lib/gcc/arm-none-eabi/6.3.1/../../../arm-none-eabi/lib/thumb/v7e-m/fpv4-sp/hard/libc.a(lib_a-signalr.o)
                0x00000000080025bc                _kill_r
                0x00000000080025e4                _getpid_r
 .text          0x00000000080025e8       0x10 /usr/lib/gcc/arm-none-eabi/6.3.1/../../../arm-none-eabi/lib/thumb/v7e-m/fpv4-sp/hard/libnosys.a(getpid.o)
                0x00000000080025e8                _getpid
 .text          0x00000000080025f8       0x10 /usr/lib/gcc/arm-none-eabi/6.3.1/../../../arm-none-eabi/lib/thumb/v7e-m/fpv4-sp/hard/libnosys.a(kill.o)
                0x00000000080025f8                _kill
 .text          0x0000000008002608       0x1c /usr/lib/gcc/arm-none-eabi/6.3.1/../../../arm-none-eabi/lib/thumb/v7e-m/fpv4-sp/hard/libnosys.a(sbrk.o)
                0x0000000008002608                _sbrk
 .text          0x0000000008002624        0x4 /usr/lib/gcc/arm-none-eabi/6.3.1/../../../arm-none-eabi/lib/thumb/v7e-m/fpv4-sp/hard/libnosys.a(_exit.o)
                0x0000000008002624                _exit
 *(.text*)
 .text.prvGetDisinheritPriorityAfterTimeout
                0x0000000008002628       0x12 /home/phong/Documents/thesis/stm32f4/build/queue.o
 .text.prvIsQueueFull
                0x000000000800263a       0x1e /home/phong/Documents/thesis/stm32f4/build/queue.o
 .text.prvIsQueueEmpty
                0x0000000008002658       0x1a /home/phong/Documents/thesis/stm32f4/build/queue.o
 .text.prvCopyDataToQueue
                0x0000000008002672       0x76 /home/phong/Documents/thesis/stm32f4/build/queue.o
 .text.prvUnlockQueue
                0x00000000080026e8       0x6e /home/phong/Documents/thesis/stm32f4/build/queue.o
 *fill*         0x0000000008002756        0x2 
 .text.xQueueGenericReset
                0x0000000008002758       0x80 /home/phong/Documents/thesis/stm32f4/build/queue.o
                0x0000000008002758                xQueueGenericReset
 .text.prvInitialiseNewQueue
                0x00000000080027d8       0x1c /home/phong/Documents/thesis/stm32f4/build/queue.o
 .text.xQueueGenericCreate
                0x00000000080027f4       0x4e /home/phong/Documents/thesis/stm32f4/build/queue.o
                0x00000000080027f4                xQueueGenericCreate
 *fill*         0x0000000008002842        0x2 
 .text.xQueueGenericSend
                0x0000000008002844      0x188 /home/phong/Documents/thesis/stm32f4/build/queue.o
                0x0000000008002844                xQueueGenericSend
 .text.prvInitialiseMutex
                0x00000000080029cc       0x18 /home/phong/Documents/thesis/stm32f4/build/queue.o
 .text.xQueueCreateMutex
                0x00000000080029e4       0x16 /home/phong/Documents/thesis/stm32f4/build/queue.o
                0x00000000080029e4                xQueueCreateMutex
 *fill*         0x00000000080029fa        0x2 
 .text.xQueueSemaphoreTake
                0x00000000080029fc      0x1a4 /home/phong/Documents/thesis/stm32f4/build/queue.o
                0x00000000080029fc                xQueueSemaphoreTake
 .text.vListInitialise
                0x0000000008002ba0       0x16 /home/phong/Documents/thesis/stm32f4/build/list.o
                0x0000000008002ba0                vListInitialise
 .text.vListInitialiseItem
                0x0000000008002bb6        0x6 /home/phong/Documents/thesis/stm32f4/build/list.o
                0x0000000008002bb6                vListInitialiseItem
 .text.vListInsertEnd
                0x0000000008002bbc       0x18 /home/phong/Documents/thesis/stm32f4/build/list.o
                0x0000000008002bbc                vListInsertEnd
 .text.vListInsert
                0x0000000008002bd4       0x34 /home/phong/Documents/thesis/stm32f4/build/list.o
                0x0000000008002bd4                vListInsert
 .text.uxListRemove
                0x0000000008002c08       0x28 /home/phong/Documents/thesis/stm32f4/build/list.o
                0x0000000008002c08                uxListRemove
 .text.prvResetNextTaskUnblockTime
                0x0000000008002c30       0x34 /home/phong/Documents/thesis/stm32f4/build/tasks.o
 .text.prvInitialiseNewTask
                0x0000000008002c64       0x80 /home/phong/Documents/thesis/stm32f4/build/tasks.o
 .text.prvInitialiseTaskLists
                0x0000000008002ce4       0x68 /home/phong/Documents/thesis/stm32f4/build/tasks.o
 .text.prvAddNewTaskToReadyList
                0x0000000008002d4c       0xa8 /home/phong/Documents/thesis/stm32f4/build/tasks.o
 .text.prvDeleteTCB
                0x0000000008002df4       0x3a /home/phong/Documents/thesis/stm32f4/build/tasks.o
 *fill*         0x0000000008002e2e        0x2 
 .text.prvCheckTasksWaitingTermination
                0x0000000008002e30       0x4c /home/phong/Documents/thesis/stm32f4/build/tasks.o
 .text.prvIdleTask
                0x0000000008002e7c       0x28 /home/phong/Documents/thesis/stm32f4/build/tasks.o
 .text.prvAddCurrentTaskToDelayedList
                0x0000000008002ea4       0x98 /home/phong/Documents/thesis/stm32f4/build/tasks.o
 .text.xTaskCreateStatic
                0x0000000008002f3c       0x72 /home/phong/Documents/thesis/stm32f4/build/tasks.o
                0x0000000008002f3c                xTaskCreateStatic
 *fill*         0x0000000008002fae        0x2 
 .text.vTaskStartScheduler
                0x0000000008002fb0       0x78 /home/phong/Documents/thesis/stm32f4/build/tasks.o
                0x0000000008002fb0                vTaskStartScheduler
 .text.vTaskSuspendAll
                0x0000000008003028       0x10 /home/phong/Documents/thesis/stm32f4/build/tasks.o
                0x0000000008003028                vTaskSuspendAll
 .text.xTaskIncrementTick
                0x0000000008003038      0x120 /home/phong/Documents/thesis/stm32f4/build/tasks.o
                0x0000000008003038                xTaskIncrementTick
 .text.xTaskResumeAll
                0x0000000008003158       0xfc /home/phong/Documents/thesis/stm32f4/build/tasks.o
                0x0000000008003158                xTaskResumeAll
 .text.vTaskSwitchContext
                0x0000000008003254       0x9c /home/phong/Documents/thesis/stm32f4/build/tasks.o
                0x0000000008003254                vTaskSwitchContext
 .text.vTaskPlaceOnEventList
                0x00000000080032f0       0x30 /home/phong/Documents/thesis/stm32f4/build/tasks.o
                0x00000000080032f0                vTaskPlaceOnEventList
 .text.xTaskRemoveFromEventList
                0x0000000008003320       0x8c /home/phong/Documents/thesis/stm32f4/build/tasks.o
                0x0000000008003320                xTaskRemoveFromEventList
 .text.vTaskInternalSetTimeOutState
                0x00000000080033ac       0x18 /home/phong/Documents/thesis/stm32f4/build/tasks.o
                0x00000000080033ac                vTaskInternalSetTimeOutState
 .text.xTaskCheckForTimeOut
                0x00000000080033c4       0x80 /home/phong/Documents/thesis/stm32f4/build/tasks.o
                0x00000000080033c4                xTaskCheckForTimeOut
 .text.vTaskMissedYield
                0x0000000008003444        0xc /home/phong/Documents/thesis/stm32f4/build/tasks.o
                0x0000000008003444                vTaskMissedYield
 .text.xTaskGetSchedulerState
                0x0000000008003450       0x20 /home/phong/Documents/thesis/stm32f4/build/tasks.o
                0x0000000008003450                xTaskGetSchedulerState
 .text.xTaskPriorityInherit
                0x0000000008003470       0xc0 /home/phong/Documents/thesis/stm32f4/build/tasks.o
                0x0000000008003470                xTaskPriorityInherit
 .text.xTaskPriorityDisinherit
                0x0000000008003530       0xb4 /home/phong/Documents/thesis/stm32f4/build/tasks.o
                0x0000000008003530                xTaskPriorityDisinherit
 .text.vTaskPriorityDisinheritAfterTimeout
                0x00000000080035e4       0xcc /home/phong/Documents/thesis/stm32f4/build/tasks.o
                0x00000000080035e4                vTaskPriorityDisinheritAfterTimeout
 .text.pvTaskIncrementMutexHeldCount
                0x00000000080036b0       0x1c /home/phong/Documents/thesis/stm32f4/build/tasks.o
                0x00000000080036b0                pvTaskIncrementMutexHeldCount
 .text.stm_log_init
                0x00000000080036cc       0x80 /home/phong/Documents/thesis/stm32f4/build/log.o
                0x00000000080036cc                stm_log_init
 .text.stm_log_level_set
                0x000000000800374c      0x100 /home/phong/Documents/thesis/stm32f4/build/log.o
                0x000000000800374c                stm_log_level_set
 .text.NMI_Handler
                0x000000000800384c        0x2 /home/phong/Documents/thesis/stm32f4/build/stm32f4xx_it.o
                0x000000000800384c                NMI_Handler
 .text.HardFault_Handler
                0x000000000800384e        0x2 /home/phong/Documents/thesis/stm32f4/build/stm32f4xx_it.o
                0x000000000800384e                HardFault_Handler
 .text.MemManage_Handler
                0x0000000008003850        0x2 /home/phong/Documents/thesis/stm32f4/build/stm32f4xx_it.o
                0x0000000008003850                MemManage_Handler
 .text.BusFault_Handler
                0x0000000008003852        0x2 /home/phong/Documents/thesis/stm32f4/build/stm32f4xx_it.o
                0x0000000008003852                BusFault_Handler
 .text.UsageFault_Handler
                0x0000000008003854        0x2 /home/phong/Documents/thesis/stm32f4/build/stm32f4xx_it.o
                0x0000000008003854                UsageFault_Handler
 .text.DebugMon_Handler
                0x0000000008003856        0x2 /home/phong/Documents/thesis/stm32f4/build/stm32f4xx_it.o
                0x0000000008003856                DebugMon_Handler
 .text.SysTick_Handler
                0x0000000008003858       0x14 /home/phong/Documents/thesis/stm32f4/build/stm32f4xx_it.o
                0x0000000008003858                SysTick_Handler
 .text.SystemInit
                0x000000000800386c       0x1c /home/phong/Documents/thesis/stm32f4/build/system_stm32f4xx.o
                0x000000000800386c                SystemInit
 .text.vApplicationGetIdleTaskMemory
                0x0000000008003888       0x18 /home/phong/Documents/thesis/stm32f4/build/panic.o
                0x0000000008003888                vApplicationGetIdleTaskMemory
 .text.UART_SetConfig
                0x00000000080038a0      0x1d4 /home/phong/Documents/thesis/stm32f4/build/stm32f4xx_hal_uart.o
 .text.HAL_UART_MspInit
                0x0000000008003a74        0x2 /home/phong/Documents/thesis/stm32f4/build/stm32f4xx_hal_uart.o
                0x0000000008003a74                HAL_UART_MspInit
 .text.HAL_UART_Init
                0x0000000008003a76       0x5e /home/phong/Documents/thesis/stm32f4/build/stm32f4xx_hal_uart.o
                0x0000000008003a76                HAL_UART_Init
 .text.HAL_GPIO_Init
                0x0000000008003ad4      0x1dc /home/phong/Documents/thesis/stm32f4/build/stm32f4xx_hal_gpio.o
                0x0000000008003ad4                HAL_GPIO_Init
 .text.HAL_RCC_OscConfig
                0x0000000008003cb0      0x3ec /home/phong/Documents/thesis/stm32f4/build/stm32f4xx_hal_rcc.o
                0x0000000008003cb0                HAL_RCC_OscConfig
 .text.HAL_RCC_GetSysClockFreq
                0x000000000800409c       0xd4 /home/phong/Documents/thesis/stm32f4/build/stm32f4xx_hal_rcc.o
                0x000000000800409c                HAL_RCC_GetSysClockFreq
 .text.HAL_RCC_ClockConfig
                0x0000000008004170      0x160 /home/phong/Documents/thesis/stm32f4/build/stm32f4xx_hal_rcc.o
                0x0000000008004170                HAL_RCC_ClockConfig
 .text.HAL_RCC_GetHCLKFreq
                0x00000000080042d0        0xc /home/phong/Documents/thesis/stm32f4/build/stm32f4xx_hal_rcc.o
                0x00000000080042d0                HAL_RCC_GetHCLKFreq
 .text.HAL_RCC_GetPCLK1Freq
                0x00000000080042dc       0x20 /home/phong/Documents/thesis/stm32f4/build/stm32f4xx_hal_rcc.o
                0x00000000080042dc                HAL_RCC_GetPCLK1Freq
 .text.HAL_RCC_GetPCLK2Freq
                0x00000000080042fc       0x20 /home/phong/Documents/thesis/stm32f4/build/stm32f4xx_hal_rcc.o
                0x00000000080042fc                HAL_RCC_GetPCLK2Freq
 .text.HAL_NVIC_SetPriorityGrouping
                0x000000000800431c       0x24 /home/phong/Documents/thesis/stm32f4/build/stm32f4xx_hal_cortex.o
                0x000000000800431c                HAL_NVIC_SetPriorityGrouping
 .text.HAL_NVIC_SetPriority
                0x0000000008004340       0x64 /home/phong/Documents/thesis/stm32f4/build/stm32f4xx_hal_cortex.o
                0x0000000008004340                HAL_NVIC_SetPriority
 .text.HAL_SYSTICK_Config
                0x00000000080043a4       0x2c /home/phong/Documents/thesis/stm32f4/build/stm32f4xx_hal_cortex.o
                0x00000000080043a4                HAL_SYSTICK_Config
 .text.HAL_InitTick
                0x00000000080043d0       0x4c /home/phong/Documents/thesis/stm32f4/build/stm32f4xx_hal.o
                0x00000000080043d0                HAL_InitTick
 .text.HAL_Init
                0x000000000800441c       0x2c /home/phong/Documents/thesis/stm32f4/build/stm32f4xx_hal.o
                0x000000000800441c                HAL_Init
 .text.HAL_IncTick
                0x0000000008004448       0x18 /home/phong/Documents/thesis/stm32f4/build/stm32f4xx_hal.o
                0x0000000008004448                HAL_IncTick
 .text.HAL_GetTick
                0x0000000008004460        0xc /home/phong/Documents/thesis/stm32f4/build/stm32f4xx_hal.o
                0x0000000008004460                HAL_GetTick
 .text.HAL_MspInit
                0x000000000800446c        0x2 /home/phong/Documents/thesis/stm32f4/build/stm32f4xx_hal_msp_template.o
                0x000000000800446c                HAL_MspInit
 *fill*         0x000000000800446e        0x2 
 .text.prvHeapInit
                0x0000000008004470       0x64 /home/phong/Documents/thesis/stm32f4/build/heap_4.o
 .text.prvInsertBlockIntoFreeList
                0x00000000080044d4       0x58 /home/phong/Documents/thesis/stm32f4/build/heap_4.o
 .text.pvPortMalloc
                0x000000000800452c      0x108 /home/phong/Documents/thesis/stm32f4/build/heap_4.o
                0x000000000800452c                pvPortMalloc
 .text.vPortFree
                0x0000000008004634       0x70 /home/phong/Documents/thesis/stm32f4/build/heap_4.o
                0x0000000008004634                vPortFree
 .text.prvTaskExitError
                0x00000000080046a4       0x40 /home/phong/Documents/thesis/stm32f4/build/port.o
 .text.prvPortStartFirstTask
                0x00000000080046e4       0x28 /home/phong/Documents/thesis/stm32f4/build/port.o
 .text.vPortEnableVFP
                0x000000000800470c       0x14 /home/phong/Documents/thesis/stm32f4/build/port.o
 .text.pxPortInitialiseStack
                0x0000000008004720       0x2c /home/phong/Documents/thesis/stm32f4/build/port.o
                0x0000000008004720                pxPortInitialiseStack
 *fill*         0x000000000800474c        0x4 
 .text.SVC_Handler
                0x0000000008004750       0x24 /home/phong/Documents/thesis/stm32f4/build/port.o
                0x0000000008004750                SVC_Handler
 .text.vPortEnterCritical
                0x0000000008004774       0x44 /home/phong/Documents/thesis/stm32f4/build/port.o
                0x0000000008004774                vPortEnterCritical
 .text.vPortExitCritical
                0x00000000080047b8       0x2c /home/phong/Documents/thesis/stm32f4/build/port.o
                0x00000000080047b8                vPortExitCritical
 *fill*         0x00000000080047e4        0xc 
 .text.PendSV_Handler
                0x00000000080047f0       0x64 /home/phong/Documents/thesis/stm32f4/build/port.o
                0x00000000080047f0                PendSV_Handler
 .text.xPortSysTickHandler
                0x0000000008004854       0x2c /home/phong/Documents/thesis/stm32f4/build/port.o
                0x0000000008004854                xPortSysTickHandler
 .text.vPortSetupTimerInterrupt
                0x0000000008004880       0x38 /home/phong/Documents/thesis/stm32f4/build/port.o
                0x0000000008004880                vPortSetupTimerInterrupt
 .text.xPortStartScheduler
                0x00000000080048b8      0x110 /home/phong/Documents/thesis/stm32f4/build/port.o
                0x00000000080048b8                xPortStartScheduler
 .text._ZL17system_clock_initv
                0x00000000080049c8       0x88 /home/phong/Documents/thesis/stm32f4/build/main.o
 .text.main     0x0000000008004a50       0x30 /home/phong/Documents/thesis/stm32f4/build/main.o
                0x0000000008004a50                main
 .text.Reset_Handler
                0x0000000008004a80       0x50 /home/phong/Documents/thesis/stm32f4/build/startup_stm32f407xx.o
                0x0000000008004a80                Reset_Handler
 .text.Default_Handler
                0x0000000008004ad0        0x2 /home/phong/Documents/thesis/stm32f4/build/startup_stm32f407xx.o
                0x0000000008004ad0                RTC_Alarm_IRQHandler
                0x0000000008004ad0                HASH_RNG_IRQHandler
                0x0000000008004ad0                EXTI2_IRQHandler
                0x0000000008004ad0                TIM8_CC_IRQHandler
                0x0000000008004ad0                TIM1_CC_IRQHandler
                0x0000000008004ad0                DMA2_Stream5_IRQHandler
                0x0000000008004ad0                DMA1_Stream5_IRQHandler
                0x0000000008004ad0                PVD_IRQHandler
                0x0000000008004ad0                SDIO_IRQHandler
                0x0000000008004ad0                TAMP_STAMP_IRQHandler
                0x0000000008004ad0                CAN2_RX1_IRQHandler
                0x0000000008004ad0                EXTI3_IRQHandler
                0x0000000008004ad0                TIM8_TRG_COM_TIM14_IRQHandler
                0x0000000008004ad0                TIM1_UP_TIM10_IRQHandler
                0x0000000008004ad0                TIM8_UP_TIM13_IRQHandler
                0x0000000008004ad0                I2C3_ER_IRQHandler
                0x0000000008004ad0                EXTI0_IRQHandler
                0x0000000008004ad0                I2C2_EV_IRQHandler
                0x0000000008004ad0                DMA1_Stream2_IRQHandler
                0x0000000008004ad0                CAN1_RX0_IRQHandler
                0x0000000008004ad0                FPU_IRQHandler
                0x0000000008004ad0                OTG_HS_WKUP_IRQHandler
                0x0000000008004ad0                CAN2_SCE_IRQHandler
                0x0000000008004ad0                DMA2_Stream2_IRQHandler
                0x0000000008004ad0                SPI1_IRQHandler
                0x0000000008004ad0                TIM6_DAC_IRQHandler
                0x0000000008004ad0                TIM1_BRK_TIM9_IRQHandler
                0x0000000008004ad0                DCMI_IRQHandler
                0x0000000008004ad0                CAN2_RX0_IRQHandler
                0x0000000008004ad0                DMA2_Stream3_IRQHandler
                0x0000000008004ad0                USART6_IRQHandler
                0x0000000008004ad0                USART3_IRQHandler
                0x0000000008004ad0                CAN1_RX1_IRQHandler
                0x0000000008004ad0                UART5_IRQHandler
                0x0000000008004ad0                DMA2_Stream0_IRQHandler
                0x0000000008004ad0                TIM4_IRQHandler
                0x0000000008004ad0                I2C1_EV_IRQHandler
                0x0000000008004ad0                DMA1_Stream6_IRQHandler
                0x0000000008004ad0                DMA1_Stream1_IRQHandler
                0x0000000008004ad0                UART4_IRQHandler
                0x0000000008004ad0                TIM3_IRQHandler
                0x0000000008004ad0                RCC_IRQHandler
                0x0000000008004ad0                TIM8_BRK_TIM12_IRQHandler
                0x0000000008004ad0                Default_Handler
                0x0000000008004ad0                EXTI15_10_IRQHandler
                0x0000000008004ad0                ADC_IRQHandler
                0x0000000008004ad0                DMA1_Stream7_IRQHandler
                0x0000000008004ad0                TIM7_IRQHandler
                0x0000000008004ad0                CAN2_TX_IRQHandler
                0x0000000008004ad0                TIM5_IRQHandler
                0x0000000008004ad0                DMA2_Stream7_IRQHandler
                0x0000000008004ad0                I2C3_EV_IRQHandler
                0x0000000008004ad0                EXTI9_5_IRQHandler
                0x0000000008004ad0                RTC_WKUP_IRQHandler
                0x0000000008004ad0                ETH_WKUP_IRQHandler
                0x0000000008004ad0                SPI2_IRQHandler
                0x0000000008004ad0                OTG_HS_EP1_IN_IRQHandler
                0x0000000008004ad0                DMA1_Stream0_IRQHandler
                0x0000000008004ad0                CAN1_TX_IRQHandler
                0x0000000008004ad0                EXTI4_IRQHandler
                0x0000000008004ad0                FSMC_IRQHandler
                0x0000000008004ad0                ETH_IRQHandler
                0x0000000008004ad0                OTG_HS_EP1_OUT_IRQHandler
                0x0000000008004ad0                WWDG_IRQHandler
                0x0000000008004ad0                TIM2_IRQHandler
                0x0000000008004ad0                OTG_FS_WKUP_IRQHandler
                0x0000000008004ad0                TIM1_TRG_COM_TIM11_IRQHandler
                0x0000000008004ad0                OTG_HS_IRQHandler
                0x0000000008004ad0                EXTI1_IRQHandler
                0x0000000008004ad0                USART2_IRQHandler
                0x0000000008004ad0                I2C2_ER_IRQHandler
                0x0000000008004ad0                DMA2_Stream1_IRQHandler
                0x0000000008004ad0                CAN1_SCE_IRQHandler
                0x0000000008004ad0                FLASH_IRQHandler
                0x0000000008004ad0                DMA2_Stream4_IRQHandler
                0x0000000008004ad0                USART1_IRQHandler
                0x0000000008004ad0                OTG_FS_IRQHandler
                0x0000000008004ad0                SPI3_IRQHandler
                0x0000000008004ad0                DMA1_Stream4_IRQHandler
                0x0000000008004ad0                I2C1_ER_IRQHandler
                0x0000000008004ad0                DMA2_Stream6_IRQHandler
                0x0000000008004ad0                DMA1_Stream3_IRQHandler
 *fill*         0x0000000008004ad2        0x2 
 .text.startup  0x0000000008004ad4       0x14 /usr/lib/gcc/arm-none-eabi/6.3.1/../../../arm-none-eabi/lib/thumb/v7e-m/fpv4-sp/hard/libc.a(lib_a-__call_atexit.o)
 *(.glue_7)
 .glue_7        0x0000000008004ae8        0x0 linker stubs
 *(.glue_7t)
 .glue_7t       0x0000000008004ae8        0x0 linker stubs
 *(.eh_frame)
 .eh_frame      0x0000000008004ae8        0x0 /usr/lib/gcc/arm-none-eabi/6.3.1/thumb/v7e-m/fpv4-sp/hard/crtbegin.o
 *(.init)
 .init          0x0000000008004ae8        0x4 /usr/lib/gcc/arm-none-eabi/6.3.1/thumb/v7e-m/fpv4-sp/hard/crti.o
                0x0000000008004ae8                _init
 .init          0x0000000008004aec        0x8 /usr/lib/gcc/arm-none-eabi/6.3.1/thumb/v7e-m/fpv4-sp/hard/crtn.o
 *(.fini)
 .fini          0x0000000008004af4        0x4 /usr/lib/gcc/arm-none-eabi/6.3.1/thumb/v7e-m/fpv4-sp/hard/crti.o
                0x0000000008004af4                _fini
 .fini          0x0000000008004af8        0x8 /usr/lib/gcc/arm-none-eabi/6.3.1/thumb/v7e-m/fpv4-sp/hard/crtn.o
                0x0000000008004b00                . = ALIGN (0x4)
                0x0000000008004b00                _etext = .

.vfp11_veneer   0x0000000008004b00        0x0
 .vfp11_veneer  0x0000000008004b00        0x0 linker stubs

.v4_bx          0x0000000008004b00        0x0
 .v4_bx         0x0000000008004b00        0x0 linker stubs

.iplt           0x0000000008004b00        0x0
 .iplt          0x0000000008004b00        0x0 /usr/lib/gcc/arm-none-eabi/6.3.1/thumb/v7e-m/fpv4-sp/hard/crtbegin.o

.rodata         0x0000000008004b00       0x38
                0x0000000008004b00                . = ALIGN (0x4)
 *(.rodata)
 .rodata        0x0000000008004b00        0x4 /usr/lib/gcc/arm-none-eabi/6.3.1/../../../arm-none-eabi/lib/thumb/v7e-m/fpv4-sp/hard/libc.a(lib_a-impure.o)
                0x0000000008004b00                _global_impure_ptr
 *(.rodata*)
 .rodata.vTaskStartScheduler.str1.4
                0x0000000008004b04        0x5 /home/phong/Documents/thesis/stm32f4/build/tasks.o
 *fill*         0x0000000008004b09        0x3 
 .rodata.stm_log_level_set.str1.4
                0x0000000008004b0c        0x2 /home/phong/Documents/thesis/stm32f4/build/log.o
 *fill*         0x0000000008004b0e        0x2 
 .rodata.AHBPrescTable
                0x0000000008004b10       0x10 /home/phong/Documents/thesis/stm32f4/build/system_stm32f4xx.o
                0x0000000008004b10                AHBPrescTable
 .rodata.APBPrescTable
                0x0000000008004b20        0x8 /home/phong/Documents/thesis/stm32f4/build/system_stm32f4xx.o
                0x0000000008004b20                APBPrescTable
 .rodata.main.str1.4
                0x0000000008004b28        0x9 /home/phong/Documents/thesis/stm32f4/build/main.o
                                          0xd (size before relaxing)
 *fill*         0x0000000008004b31        0x3 
 .rodata.str1.4
                0x0000000008004b34        0x4 /usr/lib/gcc/arm-none-eabi/6.3.1/../../../arm-none-eabi/lib/thumb/v7e-m/fpv4-sp/hard/libc.a(lib_a-impure.o)
                                          0x2 (size before relaxing)
                0x0000000008004b38                . = ALIGN (0x4)

.ARM.extab      0x0000000008004b38       0x24
 *(.ARM.extab* .gnu.linkonce.armextab.*)
 .ARM.extab.text.main
                0x0000000008004b38        0xc /home/phong/Documents/thesis/stm32f4/build/main.o
 .ARM.extab     0x0000000008004b44       0x18 /usr/lib/gcc/arm-none-eabi/6.3.1/thumb/v7e-m/fpv4-sp/hard/libgcc.a(pr-support.o)

.ARM            0x0000000008004b5c       0xd0
                0x0000000008004b5c                __exidx_start = .
 *(.ARM.exidx*)
 .ARM.exidx.text._ZL17system_clock_initv
                0x0000000008004c14        0x8 /home/phong/Documents/thesis/stm32f4/build/main.o
 .ARM.exidx.text.main
                0x0000000008004c1c       0x10 /home/phong/Documents/thesis/stm32f4/build/main.o
                                          0x8 (size before relaxing)
 .ARM.exidx     0x0000000008004b5c        0x8 /usr/lib/gcc/arm-none-eabi/6.3.1/thumb/v7e-m/fpv4-sp/hard/libgcc.a(_udivmoddi4.o)
 .ARM.exidx     0x0000000008004b64       0x78 /usr/lib/gcc/arm-none-eabi/6.3.1/thumb/v7e-m/fpv4-sp/hard/libgcc.a(unwind-arm.o)
                                         0xd8 (size before relaxing)
 .ARM.exidx     0x0000000008004bdc       0x38 /usr/lib/gcc/arm-none-eabi/6.3.1/thumb/v7e-m/fpv4-sp/hard/libgcc.a(pr-support.o)
                                         0x48 (size before relaxing)
                0x0000000008004c2c                __exidx_end = .

.rel.dyn        0x0000000008004c2c        0x0
 .rel.iplt      0x0000000008004c2c        0x0 /usr/lib/gcc/arm-none-eabi/6.3.1/thumb/v7e-m/fpv4-sp/hard/crtbegin.o

.preinit_array  0x0000000008004c2c        0x0
                0x0000000008004c2c                PROVIDE (__preinit_array_start, .)
 *(.preinit_array*)
                0x0000000008004c2c                PROVIDE (__preinit_array_end, .)

.init_array     0x0000000008004c2c        0x8
                0x0000000008004c2c                PROVIDE (__init_array_start, .)
 *(SORT(.init_array.*))
 .init_array.00000
                0x0000000008004c2c        0x4 /usr/lib/gcc/arm-none-eabi/6.3.1/../../../arm-none-eabi/lib/thumb/v7e-m/fpv4-sp/hard/libc.a(lib_a-__call_atexit.o)
 *(.init_array*)
 .init_array    0x0000000008004c30        0x4 /usr/lib/gcc/arm-none-eabi/6.3.1/thumb/v7e-m/fpv4-sp/hard/crtbegin.o
                0x0000000008004c34                PROVIDE (__init_array_end, .)

.fini_array     0x0000000008004c34        0x4
                0x0000000008004c34                PROVIDE (__fini_array_start, .)
 *(SORT(.fini_array.*))
 *(.fini_array*)
 .fini_array    0x0000000008004c34        0x4 /usr/lib/gcc/arm-none-eabi/6.3.1/thumb/v7e-m/fpv4-sp/hard/crtbegin.o
                0x0000000008004c38                PROVIDE (__fini_array_end, .)
                0x0000000008004c38                _sidata = LOADADDR (.data)

.data           0x0000000020000000      0x854 load address 0x0000000008004c38
                0x0000000020000000                . = ALIGN (0x4)
                0x0000000020000000                _sdata = .
 *(.data)
 .data          0x0000000020000000      0x430 /usr/lib/gcc/arm-none-eabi/6.3.1/../../../arm-none-eabi/lib/thumb/v7e-m/fpv4-sp/hard/libc.a(lib_a-impure.o)
                0x0000000020000000                _impure_ptr
 .data          0x0000000020000430      0x410 /usr/lib/gcc/arm-none-eabi/6.3.1/../../../arm-none-eabi/lib/thumb/v7e-m/fpv4-sp/hard/libc.a(lib_a-mallocr.o)
                0x0000000020000430                __malloc_av_
                0x0000000020000838                __malloc_sbrk_base
                0x000000002000083c                __malloc_trim_threshold
 *(.data*)
 .data.set_log_default_level
                0x0000000020000840        0x1 /home/phong/Documents/thesis/stm32f4/build/log.o
 *fill*         0x0000000020000841        0x3 
 .data.SystemCoreClock
                0x0000000020000844        0x4 /home/phong/Documents/thesis/stm32f4/build/system_stm32f4xx.o
                0x0000000020000844                SystemCoreClock
 .data.uwTickFreq
                0x0000000020000848        0x1 /home/phong/Documents/thesis/stm32f4/build/stm32f4xx_hal.o
                0x0000000020000848                uwTickFreq
 *fill*         0x0000000020000849        0x3 
 .data.uwTickPrio
                0x000000002000084c        0x4 /home/phong/Documents/thesis/stm32f4/build/stm32f4xx_hal.o
                0x000000002000084c                uwTickPrio
 .data.uxCriticalNesting
                0x0000000020000850        0x4 /home/phong/Documents/thesis/stm32f4/build/port.o
                0x0000000020000854                . = ALIGN (0x4)
                0x0000000020000854                _edata = .
                0x000000000800548c                _siccmram = LOADADDR (.ccmram)

.jcr            0x0000000020000854        0x0 load address 0x000000000800548c
 .jcr           0x0000000020000854        0x0 /usr/lib/gcc/arm-none-eabi/6.3.1/thumb/v7e-m/fpv4-sp/hard/crtbegin.o

.tm_clone_table
                0x0000000020000854        0x0 load address 0x000000000800548c
 .tm_clone_table
                0x0000000020000854        0x0 /usr/lib/gcc/arm-none-eabi/6.3.1/thumb/v7e-m/fpv4-sp/hard/crtbegin.o
 .tm_clone_table
                0x0000000020000854        0x0 /usr/lib/gcc/arm-none-eabi/6.3.1/thumb/v7e-m/fpv4-sp/hard/crtend.o

.igot.plt       0x0000000020000854        0x0 load address 0x000000000800548c
 .igot.plt      0x0000000020000854        0x0 /usr/lib/gcc/arm-none-eabi/6.3.1/thumb/v7e-m/fpv4-sp/hard/crtbegin.o

.ccmram         0x0000000010000000        0x0 load address 0x000000000800548c
                0x0000000010000000                . = ALIGN (0x4)
                0x0000000010000000                _sccmram = .
 *(.ccmram)
 *(.ccmram*)
                0x0000000010000000                . = ALIGN (0x4)
                0x0000000010000000                _eccmram = .
                0x0000000010000000                . = ALIGN (0x4)

.bss            0x0000000020000854     0x4140
                0x0000000020000854                _sbss = .
                0x0000000020000854                __bss_start__ = _sbss
 *(.bss)
 .bss           0x0000000020000854       0x1c /usr/lib/gcc/arm-none-eabi/6.3.1/thumb/v7e-m/fpv4-sp/hard/crtbegin.o
 .bss           0x0000000020000870       0x34 /usr/lib/gcc/arm-none-eabi/6.3.1/../../../arm-none-eabi/lib/thumb/v7e-m/fpv4-sp/hard/libc.a(lib_a-mallocr.o)
                0x0000000020000870                __malloc_top_pad
                0x0000000020000874                __malloc_current_mallinfo
                0x000000002000089c                __malloc_max_sbrked_mem
                0x00000000200008a0                __malloc_max_total_mem
 .bss           0x00000000200008a4        0x4 /usr/lib/gcc/arm-none-eabi/6.3.1/../../../arm-none-eabi/lib/thumb/v7e-m/fpv4-sp/hard/libnosys.a(sbrk.o)
 *(.bss*)
 .bss.pxCurrentTCB
                0x00000000200008a8        0x4 /home/phong/Documents/thesis/stm32f4/build/tasks.o
                0x00000000200008a8                pxCurrentTCB
 .bss.pxDelayedTaskList
                0x00000000200008ac        0x4 /home/phong/Documents/thesis/stm32f4/build/tasks.o
 .bss.pxOverflowDelayedTaskList
                0x00000000200008b0        0x4 /home/phong/Documents/thesis/stm32f4/build/tasks.o
 .bss.pxReadyTasksLists
                0x00000000200008b4       0x8c /home/phong/Documents/thesis/stm32f4/build/tasks.o
 .bss.uxCurrentNumberOfTasks
                0x0000000020000940        0x4 /home/phong/Documents/thesis/stm32f4/build/tasks.o
 .bss.uxDeletedTasksWaitingCleanUp
                0x0000000020000944        0x4 /home/phong/Documents/thesis/stm32f4/build/tasks.o
 .bss.uxPendedTicks
                0x0000000020000948        0x4 /home/phong/Documents/thesis/stm32f4/build/tasks.o
 .bss.uxSchedulerSuspended
                0x000000002000094c        0x4 /home/phong/Documents/thesis/stm32f4/build/tasks.o
 .bss.uxTaskNumber
                0x0000000020000950        0x4 /home/phong/Documents/thesis/stm32f4/build/tasks.o
 .bss.uxTopReadyPriority
                0x0000000020000954        0x4 /home/phong/Documents/thesis/stm32f4/build/tasks.o
 .bss.xDelayedTaskList1
                0x0000000020000958       0x14 /home/phong/Documents/thesis/stm32f4/build/tasks.o
 .bss.xDelayedTaskList2
                0x000000002000096c       0x14 /home/phong/Documents/thesis/stm32f4/build/tasks.o
 .bss.xNextTaskUnblockTime
                0x0000000020000980        0x4 /home/phong/Documents/thesis/stm32f4/build/tasks.o
 .bss.xNumOfOverflows
                0x0000000020000984        0x4 /home/phong/Documents/thesis/stm32f4/build/tasks.o
 .bss.xPendingReadyList
                0x0000000020000988       0x14 /home/phong/Documents/thesis/stm32f4/build/tasks.o
 .bss.xSchedulerRunning
                0x000000002000099c        0x4 /home/phong/Documents/thesis/stm32f4/build/tasks.o
 .bss.xSuspendedTaskList
                0x00000000200009a0       0x14 /home/phong/Documents/thesis/stm32f4/build/tasks.o
 .bss.xTasksWaitingTermination
                0x00000000200009b4       0x14 /home/phong/Documents/thesis/stm32f4/build/tasks.o
 .bss.xTickCount
                0x00000000200009c8        0x4 /home/phong/Documents/thesis/stm32f4/build/tasks.o
 .bss.xYieldPending
                0x00000000200009cc        0x4 /home/phong/Documents/thesis/stm32f4/build/tasks.o
 .bss.huart_log
                0x00000000200009d0       0x40 /home/phong/Documents/thesis/stm32f4/build/log.o
 .bss.set_log_cache
                0x0000000020000a10       0xf8 /home/phong/Documents/thesis/stm32f4/build/log.o
 .bss.set_log_cache_entry_count
                0x0000000020000b08        0x4 /home/phong/Documents/thesis/stm32f4/build/log.o
 .bss.set_log_cache_max_generation
                0x0000000020000b0c        0x4 /home/phong/Documents/thesis/stm32f4/build/log.o
 .bss.set_log_lock
                0x0000000020000b10        0x4 /home/phong/Documents/thesis/stm32f4/build/log.o
 .bss.set_log_tags
                0x0000000020000b14        0x4 /home/phong/Documents/thesis/stm32f4/build/log.o
 .bss.xIdleStack
                0x0000000020000b18      0x200 /home/phong/Documents/thesis/stm32f4/build/panic.o
 .bss.xIdleTaskTCBBuffer
                0x0000000020000d18       0x54 /home/phong/Documents/thesis/stm32f4/build/panic.o
 .bss.pxEnd     0x0000000020000d6c        0x4 /home/phong/Documents/thesis/stm32f4/build/heap_4.o
 .bss.ucHeap    0x0000000020000d70     0x3c00 /home/phong/Documents/thesis/stm32f4/build/heap_4.o
 .bss.xBlockAllocatedBit
                0x0000000020004970        0x4 /home/phong/Documents/thesis/stm32f4/build/heap_4.o
 .bss.xFreeBytesRemaining
                0x0000000020004974        0x4 /home/phong/Documents/thesis/stm32f4/build/heap_4.o
 .bss.xMinimumEverFreeBytesRemaining
                0x0000000020004978        0x4 /home/phong/Documents/thesis/stm32f4/build/heap_4.o
 .bss.xStart    0x000000002000497c        0x8 /home/phong/Documents/thesis/stm32f4/build/heap_4.o
 .bss.ucMaxSysCallPriority
                0x0000000020004984        0x1 /home/phong/Documents/thesis/stm32f4/build/port.o
 *fill*         0x0000000020004985        0x3 
 .bss.ulMaxPRIGROUPValue
                0x0000000020004988        0x4 /home/phong/Documents/thesis/stm32f4/build/port.o
 *(COMMON)
 COMMON         0x000000002000498c        0x4 /home/phong/Documents/thesis/stm32f4/build/stm32f4xx_hal.o
                0x000000002000498c                uwTick
 COMMON         0x0000000020004990        0x4 /usr/lib/gcc/arm-none-eabi/6.3.1/../../../arm-none-eabi/lib/thumb/v7e-m/fpv4-sp/hard/libc.a(lib_a-reent.o)
                0x0000000020004990                errno
                0x0000000020004994                . = ALIGN (0x4)
                0x0000000020004994                _ebss = .
                0x0000000020004994                __bss_end__ = _ebss

._user_heap_stack
                0x0000000020004994      0x604
                0x0000000020004998                . = ALIGN (0x8)
 *fill*         0x0000000020004994        0x4 
                0x0000000020004998                PROVIDE (end, .)
                [!provide]                        PROVIDE (_end, .)
                0x0000000020004b98                . = (. + _Min_Heap_Size)
 *fill*         0x0000000020004998      0x200 
                0x0000000020004f98                . = (. + _Min_Stack_Size)
 *fill*         0x0000000020004b98      0x400 
                0x0000000020004f98                . = ALIGN (0x8)

/DISCARD/
 libc.a(*)
 libm.a(*)
 libgcc.a(*)

.ARM.attributes
                0x0000000000000000       0x30
 *(.ARM.attributes)
 .ARM.attributes
                0x0000000000000000       0x22 /usr/lib/gcc/arm-none-eabi/6.3.1/thumb/v7e-m/fpv4-sp/hard/crti.o
 .ARM.attributes
                0x0000000000000022       0x34 /usr/lib/gcc/arm-none-eabi/6.3.1/thumb/v7e-m/fpv4-sp/hard/crtbegin.o
 .ARM.attributes
                0x0000000000000056       0x39 /home/phong/Documents/thesis/stm32f4/build/queue.o
 .ARM.attributes
                0x000000000000008f       0x39 /home/phong/Documents/thesis/stm32f4/build/list.o
 .ARM.attributes
                0x00000000000000c8       0x39 /home/phong/Documents/thesis/stm32f4/build/tasks.o
 .ARM.attributes
                0x0000000000000101       0x39 /home/phong/Documents/thesis/stm32f4/build/log.o
 .ARM.attributes
                0x000000000000013a       0x39 /home/phong/Documents/thesis/stm32f4/build/stm32f4xx_it.o
 .ARM.attributes
                0x0000000000000173       0x39 /home/phong/Documents/thesis/stm32f4/build/system_stm32f4xx.o
 .ARM.attributes
                0x00000000000001ac       0x39 /home/phong/Documents/thesis/stm32f4/build/panic.o
 .ARM.attributes
                0x00000000000001e5       0x39 /home/phong/Documents/thesis/stm32f4/build/stm32f4xx_hal_uart.o
 .ARM.attributes
                0x000000000000021e       0x39 /home/phong/Documents/thesis/stm32f4/build/stm32f4xx_hal_gpio.o
 .ARM.attributes
                0x0000000000000257       0x39 /home/phong/Documents/thesis/stm32f4/build/stm32f4xx_hal_rcc.o
 .ARM.attributes
                0x0000000000000290       0x39 /home/phong/Documents/thesis/stm32f4/build/stm32f4xx_hal_cortex.o
 .ARM.attributes
                0x00000000000002c9       0x39 /home/phong/Documents/thesis/stm32f4/build/stm32f4xx_hal.o
 .ARM.attributes
                0x0000000000000302       0x39 /home/phong/Documents/thesis/stm32f4/build/stm32f4xx_hal_msp_template.o
 .ARM.attributes
                0x000000000000033b       0x39 /home/phong/Documents/thesis/stm32f4/build/heap_4.o
 .ARM.attributes
                0x0000000000000374       0x39 /home/phong/Documents/thesis/stm32f4/build/port.o
 .ARM.attributes
                0x00000000000003ad       0x39 /home/phong/Documents/thesis/stm32f4/build/main.o
 .ARM.attributes
                0x00000000000003e6       0x21 /home/phong/Documents/thesis/stm32f4/build/startup_stm32f407xx.o
 .ARM.attributes
                0x0000000000000407       0x34 /usr/lib/gcc/arm-none-eabi/6.3.1/../../../arm-none-eabi/lib/thumb/v7e-m/fpv4-sp/hard/libc.a(lib_a-atexit.o)
 .ARM.attributes
                0x000000000000043b       0x34 /usr/lib/gcc/arm-none-eabi/6.3.1/../../../arm-none-eabi/lib/thumb/v7e-m/fpv4-sp/hard/libc.a(lib_a-fini.o)
 .ARM.attributes
                0x000000000000046f       0x34 /usr/lib/gcc/arm-none-eabi/6.3.1/../../../arm-none-eabi/lib/thumb/v7e-m/fpv4-sp/hard/libc.a(lib_a-impure.o)
 .ARM.attributes
                0x00000000000004a3       0x34 /usr/lib/gcc/arm-none-eabi/6.3.1/../../../arm-none-eabi/lib/thumb/v7e-m/fpv4-sp/hard/libc.a(lib_a-init.o)
 .ARM.attributes
                0x00000000000004d7       0x34 /usr/lib/gcc/arm-none-eabi/6.3.1/../../../arm-none-eabi/lib/thumb/v7e-m/fpv4-sp/hard/libc.a(lib_a-malloc.o)
 .ARM.attributes
                0x000000000000050b       0x34 /usr/lib/gcc/arm-none-eabi/6.3.1/../../../arm-none-eabi/lib/thumb/v7e-m/fpv4-sp/hard/libc.a(lib_a-mallocr.o)
 .ARM.attributes
                0x000000000000053f       0x20 /usr/lib/gcc/arm-none-eabi/6.3.1/../../../arm-none-eabi/lib/thumb/v7e-m/fpv4-sp/hard/libc.a(lib_a-memcpy.o)
 .ARM.attributes
                0x000000000000055f       0x34 /usr/lib/gcc/arm-none-eabi/6.3.1/../../../arm-none-eabi/lib/thumb/v7e-m/fpv4-sp/hard/libc.a(lib_a-memset.o)
 .ARM.attributes
                0x0000000000000593       0x34 /usr/lib/gcc/arm-none-eabi/6.3.1/../../../arm-none-eabi/lib/thumb/v7e-m/fpv4-sp/hard/libc.a(lib_a-mlock.o)
 .ARM.attributes
                0x00000000000005c7       0x34 /usr/lib/gcc/arm-none-eabi/6.3.1/../../../arm-none-eabi/lib/thumb/v7e-m/fpv4-sp/hard/libc.a(lib_a-sbrkr.o)
 .ARM.attributes
                0x00000000000005fb       0x20 /usr/lib/gcc/arm-none-eabi/6.3.1/../../../arm-none-eabi/lib/thumb/v7e-m/fpv4-sp/hard/libc.a(lib_a-strcmp.o)
 .ARM.attributes
                0x000000000000061b       0x34 /usr/lib/gcc/arm-none-eabi/6.3.1/../../../arm-none-eabi/lib/thumb/v7e-m/fpv4-sp/hard/libc.a(lib_a-strcpy.o)
 .ARM.attributes
                0x000000000000064f       0x20 /usr/lib/gcc/arm-none-eabi/6.3.1/../../../arm-none-eabi/lib/thumb/v7e-m/fpv4-sp/hard/libc.a(lib_a-strlen.o)
 .ARM.attributes
                0x000000000000066f       0x34 /usr/lib/gcc/arm-none-eabi/6.3.1/../../../arm-none-eabi/lib/thumb/v7e-m/fpv4-sp/hard/libc.a(lib_a-__atexit.o)
 .ARM.attributes
                0x00000000000006a3       0x34 /usr/lib/gcc/arm-none-eabi/6.3.1/../../../arm-none-eabi/lib/thumb/v7e-m/fpv4-sp/hard/libc.a(lib_a-__call_atexit.o)
 .ARM.attributes
                0x00000000000006d7       0x34 /usr/lib/gcc/arm-none-eabi/6.3.1/../../../arm-none-eabi/lib/thumb/v7e-m/fpv4-sp/hard/libc.a(lib_a-freer.o)
 .ARM.attributes
                0x000000000000070b       0x34 /usr/lib/gcc/arm-none-eabi/6.3.1/../../../arm-none-eabi/lib/thumb/v7e-m/fpv4-sp/hard/libc.a(lib_a-reent.o)
 .ARM.attributes
                0x000000000000073f       0x22 /usr/lib/gcc/arm-none-eabi/6.3.1/thumb/v7e-m/fpv4-sp/hard/libgcc.a(_aeabi_uldivmod.o)
 .ARM.attributes
                0x0000000000000761       0x34 /usr/lib/gcc/arm-none-eabi/6.3.1/thumb/v7e-m/fpv4-sp/hard/libgcc.a(_udivmoddi4.o)
 .ARM.attributes
                0x0000000000000795       0x22 /usr/lib/gcc/arm-none-eabi/6.3.1/thumb/v7e-m/fpv4-sp/hard/libgcc.a(_dvmd_tls.o)
 .ARM.attributes
                0x00000000000007b7       0x34 /usr/lib/gcc/arm-none-eabi/6.3.1/../../../arm-none-eabi/lib/thumb/v7e-m/fpv4-sp/hard/libnosys.a(sbrk.o)
 .ARM.attributes
                0x00000000000007eb       0x34 /usr/lib/gcc/arm-none-eabi/6.3.1/thumb/v7e-m/fpv4-sp/hard/crtend.o
 .ARM.attributes
                0x000000000000081f       0x22 /usr/lib/gcc/arm-none-eabi/6.3.1/thumb/v7e-m/fpv4-sp/hard/crtn.o
OUTPUT(/home/phong/Documents/thesis/stm32f4/build/robot_thesis.elf elf32-littlearm)

.comment        0x0000000000000000       0x31
 .comment       0x0000000000000000       0x31 /usr/lib/gcc/arm-none-eabi/6.3.1/thumb/v7e-m/fpv4-sp/hard/crtbegin.o
                                         0x32 (size before relaxing)
 .comment       0x0000000000000031       0x32 /home/phong/Documents/thesis/stm32f4/build/queue.o
 .comment       0x0000000000000031       0x32 /home/phong/Documents/thesis/stm32f4/build/list.o
 .comment       0x0000000000000031       0x32 /home/phong/Documents/thesis/stm32f4/build/tasks.o
 .comment       0x0000000000000031       0x32 /home/phong/Documents/thesis/stm32f4/build/log.o
 .comment       0x0000000000000031       0x32 /home/phong/Documents/thesis/stm32f4/build/stm32f4xx_it.o
 .comment       0x0000000000000031       0x32 /home/phong/Documents/thesis/stm32f4/build/system_stm32f4xx.o
 .comment       0x0000000000000031       0x32 /home/phong/Documents/thesis/stm32f4/build/panic.o
 .comment       0x0000000000000031       0x32 /home/phong/Documents/thesis/stm32f4/build/stm32f4xx_hal_uart.o
 .comment       0x0000000000000031       0x32 /home/phong/Documents/thesis/stm32f4/build/stm32f4xx_hal_gpio.o
 .comment       0x0000000000000031       0x32 /home/phong/Documents/thesis/stm32f4/build/stm32f4xx_hal_rcc.o
 .comment       0x0000000000000031       0x32 /home/phong/Documents/thesis/stm32f4/build/stm32f4xx_hal_cortex.o
 .comment       0x0000000000000031       0x32 /home/phong/Documents/thesis/stm32f4/build/stm32f4xx_hal.o
 .comment       0x0000000000000031       0x32 /home/phong/Documents/thesis/stm32f4/build/stm32f4xx_hal_msp_template.o
 .comment       0x0000000000000031       0x32 /home/phong/Documents/thesis/stm32f4/build/heap_4.o
 .comment       0x0000000000000031       0x32 /home/phong/Documents/thesis/stm32f4/build/port.o
 .comment       0x0000000000000031       0x32 /home/phong/Documents/thesis/stm32f4/build/main.o
 .comment       0x0000000000000031       0x32 /usr/lib/gcc/arm-none-eabi/6.3.1/../../../arm-none-eabi/lib/thumb/v7e-m/fpv4-sp/hard/libc.a(lib_a-atexit.o)
 .comment       0x0000000000000031       0x32 /usr/lib/gcc/arm-none-eabi/6.3.1/../../../arm-none-eabi/lib/thumb/v7e-m/fpv4-sp/hard/libc.a(lib_a-fini.o)
 .comment       0x0000000000000031       0x32 /usr/lib/gcc/arm-none-eabi/6.3.1/../../../arm-none-eabi/lib/thumb/v7e-m/fpv4-sp/hard/libc.a(lib_a-impure.o)
 .comment       0x0000000000000031       0x32 /usr/lib/gcc/arm-none-eabi/6.3.1/../../../arm-none-eabi/lib/thumb/v7e-m/fpv4-sp/hard/libc.a(lib_a-init.o)
 .comment       0x0000000000000031       0x32 /usr/lib/gcc/arm-none-eabi/6.3.1/../../../arm-none-eabi/lib/thumb/v7e-m/fpv4-sp/hard/libc.a(lib_a-malloc.o)
 .comment       0x0000000000000031       0x32 /usr/lib/gcc/arm-none-eabi/6.3.1/../../../arm-none-eabi/lib/thumb/v7e-m/fpv4-sp/hard/libc.a(lib_a-mallocr.o)
 .comment       0x0000000000000031       0x32 /usr/lib/gcc/arm-none-eabi/6.3.1/../../../arm-none-eabi/lib/thumb/v7e-m/fpv4-sp/hard/libc.a(lib_a-memset.o)
 .comment       0x0000000000000031       0x32 /usr/lib/gcc/arm-none-eabi/6.3.1/../../../arm-none-eabi/lib/thumb/v7e-m/fpv4-sp/hard/libc.a(lib_a-mlock.o)
 .comment       0x0000000000000031       0x32 /usr/lib/gcc/arm-none-eabi/6.3.1/../../../arm-none-eabi/lib/thumb/v7e-m/fpv4-sp/hard/libc.a(lib_a-sbrkr.o)
 .comment       0x0000000000000031       0x32 /usr/lib/gcc/arm-none-eabi/6.3.1/../../../arm-none-eabi/lib/thumb/v7e-m/fpv4-sp/hard/libc.a(lib_a-strcpy.o)
 .comment       0x0000000000000031       0x32 /usr/lib/gcc/arm-none-eabi/6.3.1/../../../arm-none-eabi/lib/thumb/v7e-m/fpv4-sp/hard/libc.a(lib_a-__atexit.o)
 .comment       0x0000000000000031       0x32 /usr/lib/gcc/arm-none-eabi/6.3.1/../../../arm-none-eabi/lib/thumb/v7e-m/fpv4-sp/hard/libc.a(lib_a-__call_atexit.o)
 .comment       0x0000000000000031       0x32 /usr/lib/gcc/arm-none-eabi/6.3.1/../../../arm-none-eabi/lib/thumb/v7e-m/fpv4-sp/hard/libc.a(lib_a-freer.o)
 .comment       0x0000000000000031       0x32 /usr/lib/gcc/arm-none-eabi/6.3.1/../../../arm-none-eabi/lib/thumb/v7e-m/fpv4-sp/hard/libc.a(lib_a-reent.o)
 .comment       0x0000000000000031       0x32 /usr/lib/gcc/arm-none-eabi/6.3.1/thumb/v7e-m/fpv4-sp/hard/libgcc.a(_udivmoddi4.o)
 .comment       0x0000000000000031       0x32 /usr/lib/gcc/arm-none-eabi/6.3.1/../../../arm-none-eabi/lib/thumb/v7e-m/fpv4-sp/hard/libnosys.a(sbrk.o)
 .comment       0x0000000000000031       0x32 /usr/lib/gcc/arm-none-eabi/6.3.1/thumb/v7e-m/fpv4-sp/hard/crtend.o

.debug_info     0x0000000000000000    0x17ac9
 .debug_info    0x0000000000000000     0x29ab /home/phong/Documents/thesis/stm32f4/build/queue.o
 .debug_info    0x00000000000029ab      0xbe4 /home/phong/Documents/thesis/stm32f4/build/list.o
 .debug_info    0x000000000000358f     0x2f3c /home/phong/Documents/thesis/stm32f4/build/tasks.o
 .debug_info    0x00000000000064cb     0x1f43 /home/phong/Documents/thesis/stm32f4/build/log.o
 .debug_info    0x000000000000840e      0x76b /home/phong/Documents/thesis/stm32f4/build/stm32f4xx_it.o
 .debug_info    0x0000000000008b79      0x5da /home/phong/Documents/thesis/stm32f4/build/system_stm32f4xx.o
 .debug_info    0x0000000000009153      0x29d /home/phong/Documents/thesis/stm32f4/build/panic.o
 .debug_info    0x00000000000093f0     0x189b /home/phong/Documents/thesis/stm32f4/build/stm32f4xx_hal_uart.o
 .debug_info    0x000000000000ac8b      0x863 /home/phong/Documents/thesis/stm32f4/build/stm32f4xx_hal_gpio.o
 .debug_info    0x000000000000b4ee      0xb76 /home/phong/Documents/thesis/stm32f4/build/stm32f4xx_hal_rcc.o
 .debug_info    0x000000000000c064     0x1072 /home/phong/Documents/thesis/stm32f4/build/stm32f4xx_hal_cortex.o
 .debug_info    0x000000000000d0d6      0xad1 /home/phong/Documents/thesis/stm32f4/build/stm32f4xx_hal.o
 .debug_info    0x000000000000dba7      0x1d5 /home/phong/Documents/thesis/stm32f4/build/stm32f4xx_hal_msp_template.o
 .debug_info    0x000000000000dd7c      0xd7e /home/phong/Documents/thesis/stm32f4/build/heap_4.o
 .debug_info    0x000000000000eafa      0x5af /home/phong/Documents/thesis/stm32f4/build/port.o
 .debug_info    0x000000000000f0a9       0x9d /home/phong/Documents/thesis/stm32f4/build/startup_stm32f407xx.o
 .debug_info    0x000000000000f146      0x907 /usr/lib/gcc/arm-none-eabi/6.3.1/../../../arm-none-eabi/lib/thumb/v7e-m/fpv4-sp/hard/libc.a(lib_a-atexit.o)
 .debug_info    0x000000000000fa4d       0xfa /usr/lib/gcc/arm-none-eabi/6.3.1/../../../arm-none-eabi/lib/thumb/v7e-m/fpv4-sp/hard/libc.a(lib_a-fini.o)
 .debug_info    0x000000000000fb47      0x8a5 /usr/lib/gcc/arm-none-eabi/6.3.1/../../../arm-none-eabi/lib/thumb/v7e-m/fpv4-sp/hard/libc.a(lib_a-impure.o)
 .debug_info    0x00000000000103ec      0x110 /usr/lib/gcc/arm-none-eabi/6.3.1/../../../arm-none-eabi/lib/thumb/v7e-m/fpv4-sp/hard/libc.a(lib_a-init.o)
 .debug_info    0x00000000000104fc      0x922 /usr/lib/gcc/arm-none-eabi/6.3.1/../../../arm-none-eabi/lib/thumb/v7e-m/fpv4-sp/hard/libc.a(lib_a-malloc.o)
 .debug_info    0x0000000000010e1e      0xdf1 /usr/lib/gcc/arm-none-eabi/6.3.1/../../../arm-none-eabi/lib/thumb/v7e-m/fpv4-sp/hard/libc.a(lib_a-mallocr.o)
 .debug_info    0x0000000000011c0f       0xdc /usr/lib/gcc/arm-none-eabi/6.3.1/../../../arm-none-eabi/lib/thumb/v7e-m/fpv4-sp/hard/libc.a(lib_a-memcpy.o)
 .debug_info    0x0000000000011ceb      0x91b /usr/lib/gcc/arm-none-eabi/6.3.1/../../../arm-none-eabi/lib/thumb/v7e-m/fpv4-sp/hard/libc.a(lib_a-memset.o)
 .debug_info    0x0000000000012606      0x8d8 /usr/lib/gcc/arm-none-eabi/6.3.1/../../../arm-none-eabi/lib/thumb/v7e-m/fpv4-sp/hard/libc.a(lib_a-mlock.o)
 .debug_info    0x0000000000012ede      0x95a /usr/lib/gcc/arm-none-eabi/6.3.1/../../../arm-none-eabi/lib/thumb/v7e-m/fpv4-sp/hard/libc.a(lib_a-sbrkr.o)
 .debug_info    0x0000000000013838       0xdb /usr/lib/gcc/arm-none-eabi/6.3.1/../../../arm-none-eabi/lib/thumb/v7e-m/fpv4-sp/hard/libc.a(lib_a-strcmp.o)
 .debug_info    0x0000000000013913      0x8b8 /usr/lib/gcc/arm-none-eabi/6.3.1/../../../arm-none-eabi/lib/thumb/v7e-m/fpv4-sp/hard/libc.a(lib_a-strcpy.o)
 .debug_info    0x00000000000141cb       0xdb /usr/lib/gcc/arm-none-eabi/6.3.1/../../../arm-none-eabi/lib/thumb/v7e-m/fpv4-sp/hard/libc.a(lib_a-strlen.o)
 .debug_info    0x00000000000142a6      0x950 /usr/lib/gcc/arm-none-eabi/6.3.1/../../../arm-none-eabi/lib/thumb/v7e-m/fpv4-sp/hard/libc.a(lib_a-__atexit.o)
 .debug_info    0x0000000000014bf6      0x9bc /usr/lib/gcc/arm-none-eabi/6.3.1/../../../arm-none-eabi/lib/thumb/v7e-m/fpv4-sp/hard/libc.a(lib_a-__call_atexit.o)
 .debug_info    0x00000000000155b2      0xca9 /usr/lib/gcc/arm-none-eabi/6.3.1/../../../arm-none-eabi/lib/thumb/v7e-m/fpv4-sp/hard/libc.a(lib_a-freer.o)
 .debug_info    0x000000000001625b      0xa18 /usr/lib/gcc/arm-none-eabi/6.3.1/../../../arm-none-eabi/lib/thumb/v7e-m/fpv4-sp/hard/libc.a(lib_a-reent.o)
 .debug_info    0x0000000000016c73       0xcf /usr/lib/gcc/arm-none-eabi/6.3.1/thumb/v7e-m/fpv4-sp/hard/libgcc.a(_aeabi_uldivmod.o)
 .debug_info    0x0000000000016d42      0xc24 /usr/lib/gcc/arm-none-eabi/6.3.1/thumb/v7e-m/fpv4-sp/hard/libgcc.a(_udivmoddi4.o)
 .debug_info    0x0000000000017966       0xd3 /usr/lib/gcc/arm-none-eabi/6.3.1/thumb/v7e-m/fpv4-sp/hard/libgcc.a(_dvmd_tls.o)
 .debug_info    0x0000000000017a39       0x90 /usr/lib/gcc/arm-none-eabi/6.3.1/../../../arm-none-eabi/lib/thumb/v7e-m/fpv4-sp/hard/libnosys.a(sbrk.o)

.debug_abbrev   0x0000000000000000     0x416b
 .debug_abbrev  0x0000000000000000      0x3fa /home/phong/Documents/thesis/stm32f4/build/queue.o
 .debug_abbrev  0x00000000000003fa      0x21c /home/phong/Documents/thesis/stm32f4/build/list.o
 .debug_abbrev  0x0000000000000616      0x3de /home/phong/Documents/thesis/stm32f4/build/tasks.o
 .debug_abbrev  0x00000000000009f4      0x460 /home/phong/Documents/thesis/stm32f4/build/log.o
 .debug_abbrev  0x0000000000000e54      0x175 /home/phong/Documents/thesis/stm32f4/build/stm32f4xx_it.o
 .debug_abbrev  0x0000000000000fc9      0x126 /home/phong/Documents/thesis/stm32f4/build/system_stm32f4xx.o
 .debug_abbrev  0x00000000000010ef       0xcd /home/phong/Documents/thesis/stm32f4/build/panic.o
 .debug_abbrev  0x00000000000011bc      0x2d3 /home/phong/Documents/thesis/stm32f4/build/stm32f4xx_hal_uart.o
 .debug_abbrev  0x000000000000148f      0x218 /home/phong/Documents/thesis/stm32f4/build/stm32f4xx_hal_gpio.o
 .debug_abbrev  0x00000000000016a7      0x289 /home/phong/Documents/thesis/stm32f4/build/stm32f4xx_hal_rcc.o
 .debug_abbrev  0x0000000000001930      0x339 /home/phong/Documents/thesis/stm32f4/build/stm32f4xx_hal_cortex.o
 .debug_abbrev  0x0000000000001c69      0x1e9 /home/phong/Documents/thesis/stm32f4/build/stm32f4xx_hal.o
 .debug_abbrev  0x0000000000001e52       0xa9 /home/phong/Documents/thesis/stm32f4/build/stm32f4xx_hal_msp_template.o
 .debug_abbrev  0x0000000000001efb      0x310 /home/phong/Documents/thesis/stm32f4/build/heap_4.o
 .debug_abbrev  0x000000000000220b      0x255 /home/phong/Documents/thesis/stm32f4/build/port.o
 .debug_abbrev  0x0000000000002460       0x12 /home/phong/Documents/thesis/stm32f4/build/startup_stm32f407xx.o
 .debug_abbrev  0x0000000000002472      0x1f6 /usr/lib/gcc/arm-none-eabi/6.3.1/../../../arm-none-eabi/lib/thumb/v7e-m/fpv4-sp/hard/libc.a(lib_a-atexit.o)
 .debug_abbrev  0x0000000000002668       0xbd /usr/lib/gcc/arm-none-eabi/6.3.1/../../../arm-none-eabi/lib/thumb/v7e-m/fpv4-sp/hard/libc.a(lib_a-fini.o)
 .debug_abbrev  0x0000000000002725      0x189 /usr/lib/gcc/arm-none-eabi/6.3.1/../../../arm-none-eabi/lib/thumb/v7e-m/fpv4-sp/hard/libc.a(lib_a-impure.o)
 .debug_abbrev  0x00000000000028ae       0xba /usr/lib/gcc/arm-none-eabi/6.3.1/../../../arm-none-eabi/lib/thumb/v7e-m/fpv4-sp/hard/libc.a(lib_a-init.o)
 .debug_abbrev  0x0000000000002968      0x1f6 /usr/lib/gcc/arm-none-eabi/6.3.1/../../../arm-none-eabi/lib/thumb/v7e-m/fpv4-sp/hard/libc.a(lib_a-malloc.o)
 .debug_abbrev  0x0000000000002b5e      0x2c4 /usr/lib/gcc/arm-none-eabi/6.3.1/../../../arm-none-eabi/lib/thumb/v7e-m/fpv4-sp/hard/libc.a(lib_a-mallocr.o)
 .debug_abbrev  0x0000000000002e22       0x14 /usr/lib/gcc/arm-none-eabi/6.3.1/../../../arm-none-eabi/lib/thumb/v7e-m/fpv4-sp/hard/libc.a(lib_a-memcpy.o)
 .debug_abbrev  0x0000000000002e36      0x1cd /usr/lib/gcc/arm-none-eabi/6.3.1/../../../arm-none-eabi/lib/thumb/v7e-m/fpv4-sp/hard/libc.a(lib_a-memset.o)
 .debug_abbrev  0x0000000000003003      0x1ca /usr/lib/gcc/arm-none-eabi/6.3.1/../../../arm-none-eabi/lib/thumb/v7e-m/fpv4-sp/hard/libc.a(lib_a-mlock.o)
 .debug_abbrev  0x00000000000031cd      0x20c /usr/lib/gcc/arm-none-eabi/6.3.1/../../../arm-none-eabi/lib/thumb/v7e-m/fpv4-sp/hard/libc.a(lib_a-sbrkr.o)
 .debug_abbrev  0x00000000000033d9       0x14 /usr/lib/gcc/arm-none-eabi/6.3.1/../../../arm-none-eabi/lib/thumb/v7e-m/fpv4-sp/hard/libc.a(lib_a-strcmp.o)
 .debug_abbrev  0x00000000000033ed      0x1ad /usr/lib/gcc/arm-none-eabi/6.3.1/../../../arm-none-eabi/lib/thumb/v7e-m/fpv4-sp/hard/libc.a(lib_a-strcpy.o)
 .debug_abbrev  0x000000000000359a       0x14 /usr/lib/gcc/arm-none-eabi/6.3.1/../../../arm-none-eabi/lib/thumb/v7e-m/fpv4-sp/hard/libc.a(lib_a-strlen.o)
 .debug_abbrev  0x00000000000035ae      0x220 /usr/lib/gcc/arm-none-eabi/6.3.1/../../../arm-none-eabi/lib/thumb/v7e-m/fpv4-sp/hard/libc.a(lib_a-__atexit.o)
 .debug_abbrev  0x00000000000037ce      0x270 /usr/lib/gcc/arm-none-eabi/6.3.1/../../../arm-none-eabi/lib/thumb/v7e-m/fpv4-sp/hard/libc.a(lib_a-__call_atexit.o)
 .debug_abbrev  0x0000000000003a3e      0x27a /usr/lib/gcc/arm-none-eabi/6.3.1/../../../arm-none-eabi/lib/thumb/v7e-m/fpv4-sp/hard/libc.a(lib_a-freer.o)
 .debug_abbrev  0x0000000000003cb8      0x26d /usr/lib/gcc/arm-none-eabi/6.3.1/../../../arm-none-eabi/lib/thumb/v7e-m/fpv4-sp/hard/libc.a(lib_a-reent.o)
 .debug_abbrev  0x0000000000003f25       0x14 /usr/lib/gcc/arm-none-eabi/6.3.1/thumb/v7e-m/fpv4-sp/hard/libgcc.a(_aeabi_uldivmod.o)
 .debug_abbrev  0x0000000000003f39      0x18c /usr/lib/gcc/arm-none-eabi/6.3.1/thumb/v7e-m/fpv4-sp/hard/libgcc.a(_udivmoddi4.o)
 .debug_abbrev  0x00000000000040c5       0x14 /usr/lib/gcc/arm-none-eabi/6.3.1/thumb/v7e-m/fpv4-sp/hard/libgcc.a(_dvmd_tls.o)
 .debug_abbrev  0x00000000000040d9       0x92 /usr/lib/gcc/arm-none-eabi/6.3.1/../../../arm-none-eabi/lib/thumb/v7e-m/fpv4-sp/hard/libnosys.a(sbrk.o)

.debug_loc      0x0000000000000000     0x9579
 .debug_loc     0x0000000000000000     0x15b2 /home/phong/Documents/thesis/stm32f4/build/queue.o
 .debug_loc     0x00000000000015b2       0x9c /home/phong/Documents/thesis/stm32f4/build/list.o
 .debug_loc     0x000000000000164e     0x1d07 /home/phong/Documents/thesis/stm32f4/build/tasks.o
 .debug_loc     0x0000000000003355      0x737 /home/phong/Documents/thesis/stm32f4/build/log.o
 .debug_loc     0x0000000000003a8c       0x20 /home/phong/Documents/thesis/stm32f4/build/stm32f4xx_it.o
 .debug_loc     0x0000000000003aac      0x13e /home/phong/Documents/thesis/stm32f4/build/system_stm32f4xx.o
 .debug_loc     0x0000000000003bea     0x1a59 /home/phong/Documents/thesis/stm32f4/build/stm32f4xx_hal_uart.o
 .debug_loc     0x0000000000005643      0x4f2 /home/phong/Documents/thesis/stm32f4/build/stm32f4xx_hal_gpio.o
 .debug_loc     0x0000000000005b35      0x55c /home/phong/Documents/thesis/stm32f4/build/stm32f4xx_hal_rcc.o
 .debug_loc     0x0000000000006091      0x6a6 /home/phong/Documents/thesis/stm32f4/build/stm32f4xx_hal_cortex.o
 .debug_loc     0x0000000000006737      0x1ad /home/phong/Documents/thesis/stm32f4/build/stm32f4xx_hal.o
 .debug_loc     0x00000000000068e4      0x324 /home/phong/Documents/thesis/stm32f4/build/heap_4.o
 .debug_loc     0x0000000000006c08      0x160 /home/phong/Documents/thesis/stm32f4/build/port.o
 .debug_loc     0x0000000000006d68       0x2c /usr/lib/gcc/arm-none-eabi/6.3.1/../../../arm-none-eabi/lib/thumb/v7e-m/fpv4-sp/hard/libc.a(lib_a-atexit.o)
 .debug_loc     0x0000000000006d94       0x5c /usr/lib/gcc/arm-none-eabi/6.3.1/../../../arm-none-eabi/lib/thumb/v7e-m/fpv4-sp/hard/libc.a(lib_a-fini.o)
 .debug_loc     0x0000000000006df0       0xae /usr/lib/gcc/arm-none-eabi/6.3.1/../../../arm-none-eabi/lib/thumb/v7e-m/fpv4-sp/hard/libc.a(lib_a-init.o)
 .debug_loc     0x0000000000006e9e       0x58 /usr/lib/gcc/arm-none-eabi/6.3.1/../../../arm-none-eabi/lib/thumb/v7e-m/fpv4-sp/hard/libc.a(lib_a-malloc.o)
 .debug_loc     0x0000000000006ef6      0xcf4 /usr/lib/gcc/arm-none-eabi/6.3.1/../../../arm-none-eabi/lib/thumb/v7e-m/fpv4-sp/hard/libc.a(lib_a-mallocr.o)
 .debug_loc     0x0000000000007bea      0x1bd /usr/lib/gcc/arm-none-eabi/6.3.1/../../../arm-none-eabi/lib/thumb/v7e-m/fpv4-sp/hard/libc.a(lib_a-memset.o)
 .debug_loc     0x0000000000007da7       0x4d /usr/lib/gcc/arm-none-eabi/6.3.1/../../../arm-none-eabi/lib/thumb/v7e-m/fpv4-sp/hard/libc.a(lib_a-sbrkr.o)
 .debug_loc     0x0000000000007df4       0x21 /usr/lib/gcc/arm-none-eabi/6.3.1/../../../arm-none-eabi/lib/thumb/v7e-m/fpv4-sp/hard/libc.a(lib_a-strcpy.o)
 .debug_loc     0x0000000000007e15      0x197 /usr/lib/gcc/arm-none-eabi/6.3.1/../../../arm-none-eabi/lib/thumb/v7e-m/fpv4-sp/hard/libc.a(lib_a-__atexit.o)
 .debug_loc     0x0000000000007fac      0x199 /usr/lib/gcc/arm-none-eabi/6.3.1/../../../arm-none-eabi/lib/thumb/v7e-m/fpv4-sp/hard/libc.a(lib_a-__call_atexit.o)
 .debug_loc     0x0000000000008145      0x568 /usr/lib/gcc/arm-none-eabi/6.3.1/../../../arm-none-eabi/lib/thumb/v7e-m/fpv4-sp/hard/libc.a(lib_a-freer.o)
 .debug_loc     0x00000000000086ad      0x11d /usr/lib/gcc/arm-none-eabi/6.3.1/../../../arm-none-eabi/lib/thumb/v7e-m/fpv4-sp/hard/libc.a(lib_a-reent.o)
 .debug_loc     0x00000000000087ca      0xd77 /usr/lib/gcc/arm-none-eabi/6.3.1/thumb/v7e-m/fpv4-sp/hard/libgcc.a(_udivmoddi4.o)
 .debug_loc     0x0000000000009541       0x38 /usr/lib/gcc/arm-none-eabi/6.3.1/../../../arm-none-eabi/lib/thumb/v7e-m/fpv4-sp/hard/libnosys.a(sbrk.o)

.debug_aranges  0x0000000000000000      0xbf0
 .debug_aranges
                0x0000000000000000      0x108 /home/phong/Documents/thesis/stm32f4/build/queue.o
 .debug_aranges
                0x0000000000000108       0x40 /home/phong/Documents/thesis/stm32f4/build/list.o
 .debug_aranges
                0x0000000000000148      0x1a8 /home/phong/Documents/thesis/stm32f4/build/tasks.o
 .debug_aranges
                0x00000000000002f0       0x50 /home/phong/Documents/thesis/stm32f4/build/log.o
 .debug_aranges
                0x0000000000000340       0x50 /home/phong/Documents/thesis/stm32f4/build/stm32f4xx_it.o
 .debug_aranges
                0x0000000000000390       0x28 /home/phong/Documents/thesis/stm32f4/build/system_stm32f4xx.o
 .debug_aranges
                0x00000000000003b8       0x20 /home/phong/Documents/thesis/stm32f4/build/panic.o
 .debug_aranges
                0x00000000000003d8      0x1d0 /home/phong/Documents/thesis/stm32f4/build/stm32f4xx_hal_uart.o
 .debug_aranges
                0x00000000000005a8       0x58 /home/phong/Documents/thesis/stm32f4/build/stm32f4xx_hal_gpio.o
 .debug_aranges
                0x0000000000000600       0x88 /home/phong/Documents/thesis/stm32f4/build/stm32f4xx_hal_rcc.o
 .debug_aranges
                0x0000000000000688       0xa8 /home/phong/Documents/thesis/stm32f4/build/stm32f4xx_hal_cortex.o
 .debug_aranges
                0x0000000000000730       0xf0 /home/phong/Documents/thesis/stm32f4/build/stm32f4xx_hal.o
 .debug_aranges
                0x0000000000000820       0x38 /home/phong/Documents/thesis/stm32f4/build/stm32f4xx_hal_msp_template.o
 .debug_aranges
                0x0000000000000858       0x50 /home/phong/Documents/thesis/stm32f4/build/heap_4.o
 .debug_aranges
                0x00000000000008a8       0x80 /home/phong/Documents/thesis/stm32f4/build/port.o
 .debug_aranges
                0x0000000000000928       0x28 /home/phong/Documents/thesis/stm32f4/build/startup_stm32f407xx.o
 .debug_aranges
                0x0000000000000950       0x20 /usr/lib/gcc/arm-none-eabi/6.3.1/../../../arm-none-eabi/lib/thumb/v7e-m/fpv4-sp/hard/libc.a(lib_a-atexit.o)
 .debug_aranges
                0x0000000000000970       0x20 /usr/lib/gcc/arm-none-eabi/6.3.1/../../../arm-none-eabi/lib/thumb/v7e-m/fpv4-sp/hard/libc.a(lib_a-fini.o)
 .debug_aranges
                0x0000000000000990       0x18 /usr/lib/gcc/arm-none-eabi/6.3.1/../../../arm-none-eabi/lib/thumb/v7e-m/fpv4-sp/hard/libc.a(lib_a-impure.o)
 .debug_aranges
                0x00000000000009a8       0x20 /usr/lib/gcc/arm-none-eabi/6.3.1/../../../arm-none-eabi/lib/thumb/v7e-m/fpv4-sp/hard/libc.a(lib_a-init.o)
 .debug_aranges
                0x00000000000009c8       0x20 /usr/lib/gcc/arm-none-eabi/6.3.1/../../../arm-none-eabi/lib/thumb/v7e-m/fpv4-sp/hard/libc.a(lib_a-malloc.o)
 .debug_aranges
                0x00000000000009e8       0x20 /usr/lib/gcc/arm-none-eabi/6.3.1/../../../arm-none-eabi/lib/thumb/v7e-m/fpv4-sp/hard/libc.a(lib_a-mallocr.o)
 .debug_aranges
                0x0000000000000a08       0x20 /usr/lib/gcc/arm-none-eabi/6.3.1/../../../arm-none-eabi/lib/thumb/v7e-m/fpv4-sp/hard/libc.a(lib_a-memcpy.o)
 .debug_aranges
                0x0000000000000a28       0x20 /usr/lib/gcc/arm-none-eabi/6.3.1/../../../arm-none-eabi/lib/thumb/v7e-m/fpv4-sp/hard/libc.a(lib_a-memset.o)
 .debug_aranges
                0x0000000000000a48       0x20 /usr/lib/gcc/arm-none-eabi/6.3.1/../../../arm-none-eabi/lib/thumb/v7e-m/fpv4-sp/hard/libc.a(lib_a-mlock.o)
 .debug_aranges
                0x0000000000000a68       0x20 /usr/lib/gcc/arm-none-eabi/6.3.1/../../../arm-none-eabi/lib/thumb/v7e-m/fpv4-sp/hard/libc.a(lib_a-sbrkr.o)
 .debug_aranges
                0x0000000000000a88       0x20 /usr/lib/gcc/arm-none-eabi/6.3.1/../../../arm-none-eabi/lib/thumb/v7e-m/fpv4-sp/hard/libc.a(lib_a-strcmp.o)
 .debug_aranges
                0x0000000000000aa8       0x20 /usr/lib/gcc/arm-none-eabi/6.3.1/../../../arm-none-eabi/lib/thumb/v7e-m/fpv4-sp/hard/libc.a(lib_a-strcpy.o)
 .debug_aranges
                0x0000000000000ac8       0x20 /usr/lib/gcc/arm-none-eabi/6.3.1/../../../arm-none-eabi/lib/thumb/v7e-m/fpv4-sp/hard/libc.a(lib_a-strlen.o)
 .debug_aranges
                0x0000000000000ae8       0x20 /usr/lib/gcc/arm-none-eabi/6.3.1/../../../arm-none-eabi/lib/thumb/v7e-m/fpv4-sp/hard/libc.a(lib_a-__atexit.o)
 .debug_aranges
                0x0000000000000b08       0x28 /usr/lib/gcc/arm-none-eabi/6.3.1/../../../arm-none-eabi/lib/thumb/v7e-m/fpv4-sp/hard/libc.a(lib_a-__call_atexit.o)
 .debug_aranges
                0x0000000000000b30       0x20 /usr/lib/gcc/arm-none-eabi/6.3.1/../../../arm-none-eabi/lib/thumb/v7e-m/fpv4-sp/hard/libc.a(lib_a-freer.o)
 .debug_aranges
                0x0000000000000b50       0x20 /usr/lib/gcc/arm-none-eabi/6.3.1/../../../arm-none-eabi/lib/thumb/v7e-m/fpv4-sp/hard/libc.a(lib_a-reent.o)
 .debug_aranges
                0x0000000000000b70       0x20 /usr/lib/gcc/arm-none-eabi/6.3.1/thumb/v7e-m/fpv4-sp/hard/libgcc.a(_aeabi_uldivmod.o)
 .debug_aranges
                0x0000000000000b90       0x20 /usr/lib/gcc/arm-none-eabi/6.3.1/thumb/v7e-m/fpv4-sp/hard/libgcc.a(_udivmoddi4.o)
 .debug_aranges
                0x0000000000000bb0       0x20 /usr/lib/gcc/arm-none-eabi/6.3.1/thumb/v7e-m/fpv4-sp/hard/libgcc.a(_dvmd_tls.o)
 .debug_aranges
                0x0000000000000bd0       0x20 /usr/lib/gcc/arm-none-eabi/6.3.1/../../../arm-none-eabi/lib/thumb/v7e-m/fpv4-sp/hard/libnosys.a(sbrk.o)

.debug_ranges   0x0000000000000000      0xc40
 .debug_ranges  0x0000000000000000      0x1e8 /home/phong/Documents/thesis/stm32f4/build/queue.o
 .debug_ranges  0x00000000000001e8       0x30 /home/phong/Documents/thesis/stm32f4/build/list.o
 .debug_ranges  0x0000000000000218      0x248 /home/phong/Documents/thesis/stm32f4/build/tasks.o
 .debug_ranges  0x0000000000000460       0xb8 /home/phong/Documents/thesis/stm32f4/build/log.o
 .debug_ranges  0x0000000000000518       0x40 /home/phong/Documents/thesis/stm32f4/build/stm32f4xx_it.o
 .debug_ranges  0x0000000000000558       0x18 /home/phong/Documents/thesis/stm32f4/build/system_stm32f4xx.o
 .debug_ranges  0x0000000000000570       0x10 /home/phong/Documents/thesis/stm32f4/build/panic.o
 .debug_ranges  0x0000000000000580      0x1c0 /home/phong/Documents/thesis/stm32f4/build/stm32f4xx_hal_uart.o
 .debug_ranges  0x0000000000000740       0x48 /home/phong/Documents/thesis/stm32f4/build/stm32f4xx_hal_gpio.o
 .debug_ranges  0x0000000000000788       0x90 /home/phong/Documents/thesis/stm32f4/build/stm32f4xx_hal_rcc.o
 .debug_ranges  0x0000000000000818       0xf8 /home/phong/Documents/thesis/stm32f4/build/stm32f4xx_hal_cortex.o
 .debug_ranges  0x0000000000000910       0xe0 /home/phong/Documents/thesis/stm32f4/build/stm32f4xx_hal.o
 .debug_ranges  0x00000000000009f0       0x28 /home/phong/Documents/thesis/stm32f4/build/stm32f4xx_hal_msp_template.o
 .debug_ranges  0x0000000000000a18       0x40 /home/phong/Documents/thesis/stm32f4/build/heap_4.o
 .debug_ranges  0x0000000000000a58       0x70 /home/phong/Documents/thesis/stm32f4/build/port.o
 .debug_ranges  0x0000000000000ac8       0x20 /home/phong/Documents/thesis/stm32f4/build/startup_stm32f407xx.o
 .debug_ranges  0x0000000000000ae8       0x40 /usr/lib/gcc/arm-none-eabi/6.3.1/../../../arm-none-eabi/lib/thumb/v7e-m/fpv4-sp/hard/libc.a(lib_a-mallocr.o)
 .debug_ranges  0x0000000000000b28       0x10 /usr/lib/gcc/arm-none-eabi/6.3.1/../../../arm-none-eabi/lib/thumb/v7e-m/fpv4-sp/hard/libc.a(lib_a-strcpy.o)
 .debug_ranges  0x0000000000000b38       0x38 /usr/lib/gcc/arm-none-eabi/6.3.1/../../../arm-none-eabi/lib/thumb/v7e-m/fpv4-sp/hard/libc.a(lib_a-__call_atexit.o)
 .debug_ranges  0x0000000000000b70       0xd0 /usr/lib/gcc/arm-none-eabi/6.3.1/thumb/v7e-m/fpv4-sp/hard/libgcc.a(_udivmoddi4.o)

.debug_line     0x0000000000000000     0x6d5e
 .debug_line    0x0000000000000000      0x9f2 /home/phong/Documents/thesis/stm32f4/build/queue.o
 .debug_line    0x00000000000009f2      0x327 /home/phong/Documents/thesis/stm32f4/build/list.o
 .debug_line    0x0000000000000d19      0xc14 /home/phong/Documents/thesis/stm32f4/build/tasks.o
 .debug_line    0x000000000000192d      0x688 /home/phong/Documents/thesis/stm32f4/build/log.o
 .debug_line    0x0000000000001fb5      0x3dd /home/phong/Documents/thesis/stm32f4/build/stm32f4xx_it.o
 .debug_line    0x0000000000002392      0x295 /home/phong/Documents/thesis/stm32f4/build/system_stm32f4xx.o
 .debug_line    0x0000000000002627      0x20d /home/phong/Documents/thesis/stm32f4/build/panic.o
 .debug_line    0x0000000000002834      0xc2e /home/phong/Documents/thesis/stm32f4/build/stm32f4xx_hal_uart.o
 .debug_line    0x0000000000003462      0x442 /home/phong/Documents/thesis/stm32f4/build/stm32f4xx_hal_gpio.o
 .debug_line    0x00000000000038a4      0x56b /home/phong/Documents/thesis/stm32f4/build/stm32f4xx_hal_rcc.o
 .debug_line    0x0000000000003e0f      0x4df /home/phong/Documents/thesis/stm32f4/build/stm32f4xx_hal_cortex.o
 .debug_line    0x00000000000042ee      0x4b0 /home/phong/Documents/thesis/stm32f4/build/stm32f4xx_hal.o
 .debug_line    0x000000000000479e      0x2b2 /home/phong/Documents/thesis/stm32f4/build/stm32f4xx_hal_msp_template.o
 .debug_line    0x0000000000004a50      0x3cf /home/phong/Documents/thesis/stm32f4/build/heap_4.o
 .debug_line    0x0000000000004e1f      0x360 /home/phong/Documents/thesis/stm32f4/build/port.o
 .debug_line    0x000000000000517f       0xb4 /home/phong/Documents/thesis/stm32f4/build/startup_stm32f407xx.o
 .debug_line    0x0000000000005233      0x157 /usr/lib/gcc/arm-none-eabi/6.3.1/../../../arm-none-eabi/lib/thumb/v7e-m/fpv4-sp/hard/libc.a(lib_a-atexit.o)
 .debug_line    0x000000000000538a       0xa5 /usr/lib/gcc/arm-none-eabi/6.3.1/../../../arm-none-eabi/lib/thumb/v7e-m/fpv4-sp/hard/libc.a(lib_a-fini.o)
 .debug_line    0x000000000000542f       0xef /usr/lib/gcc/arm-none-eabi/6.3.1/../../../arm-none-eabi/lib/thumb/v7e-m/fpv4-sp/hard/libc.a(lib_a-impure.o)
 .debug_line    0x000000000000551e       0xbe /usr/lib/gcc/arm-none-eabi/6.3.1/../../../arm-none-eabi/lib/thumb/v7e-m/fpv4-sp/hard/libc.a(lib_a-init.o)
 .debug_line    0x00000000000055dc      0x15a /usr/lib/gcc/arm-none-eabi/6.3.1/../../../arm-none-eabi/lib/thumb/v7e-m/fpv4-sp/hard/libc.a(lib_a-malloc.o)
 .debug_line    0x0000000000005736      0x397 /usr/lib/gcc/arm-none-eabi/6.3.1/../../../arm-none-eabi/lib/thumb/v7e-m/fpv4-sp/hard/libc.a(lib_a-mallocr.o)
 .debug_line    0x0000000000005acd       0xc1 /usr/lib/gcc/arm-none-eabi/6.3.1/../../../arm-none-eabi/lib/thumb/v7e-m/fpv4-sp/hard/libc.a(lib_a-memcpy.o)
 .debug_line    0x0000000000005b8e      0x17c /usr/lib/gcc/arm-none-eabi/6.3.1/../../../arm-none-eabi/lib/thumb/v7e-m/fpv4-sp/hard/libc.a(lib_a-memset.o)
 .debug_line    0x0000000000005d0a       0xfe /usr/lib/gcc/arm-none-eabi/6.3.1/../../../arm-none-eabi/lib/thumb/v7e-m/fpv4-sp/hard/libc.a(lib_a-mlock.o)
 .debug_line    0x0000000000005e08      0x160 /usr/lib/gcc/arm-none-eabi/6.3.1/../../../arm-none-eabi/lib/thumb/v7e-m/fpv4-sp/hard/libc.a(lib_a-sbrkr.o)
 .debug_line    0x0000000000005f68      0x13a /usr/lib/gcc/arm-none-eabi/6.3.1/../../../arm-none-eabi/lib/thumb/v7e-m/fpv4-sp/hard/libc.a(lib_a-strcmp.o)
 .debug_line    0x00000000000060a2      0x153 /usr/lib/gcc/arm-none-eabi/6.3.1/../../../arm-none-eabi/lib/thumb/v7e-m/fpv4-sp/hard/libc.a(lib_a-strcpy.o)
 .debug_line    0x00000000000061f5       0xb2 /usr/lib/gcc/arm-none-eabi/6.3.1/../../../arm-none-eabi/lib/thumb/v7e-m/fpv4-sp/hard/libc.a(lib_a-strlen.o)
 .debug_line    0x00000000000062a7      0x18a /usr/lib/gcc/arm-none-eabi/6.3.1/../../../arm-none-eabi/lib/thumb/v7e-m/fpv4-sp/hard/libc.a(lib_a-__atexit.o)
 .debug_line    0x0000000000006431      0x1b8 /usr/lib/gcc/arm-none-eabi/6.3.1/../../../arm-none-eabi/lib/thumb/v7e-m/fpv4-sp/hard/libc.a(lib_a-__call_atexit.o)
 .debug_line    0x00000000000065e9      0x26f /usr/lib/gcc/arm-none-eabi/6.3.1/../../../arm-none-eabi/lib/thumb/v7e-m/fpv4-sp/hard/libc.a(lib_a-freer.o)
 .debug_line    0x0000000000006858      0x17f /usr/lib/gcc/arm-none-eabi/6.3.1/../../../arm-none-eabi/lib/thumb/v7e-m/fpv4-sp/hard/libc.a(lib_a-reent.o)
 .debug_line    0x00000000000069d7       0x67 /usr/lib/gcc/arm-none-eabi/6.3.1/thumb/v7e-m/fpv4-sp/hard/libgcc.a(_aeabi_uldivmod.o)
 .debug_line    0x0000000000006a3e      0x258 /usr/lib/gcc/arm-none-eabi/6.3.1/thumb/v7e-m/fpv4-sp/hard/libgcc.a(_udivmoddi4.o)
 .debug_line    0x0000000000006c96       0x67 /usr/lib/gcc/arm-none-eabi/6.3.1/thumb/v7e-m/fpv4-sp/hard/libgcc.a(_dvmd_tls.o)
 .debug_line    0x0000000000006cfd       0x61 /usr/lib/gcc/arm-none-eabi/6.3.1/../../../arm-none-eabi/lib/thumb/v7e-m/fpv4-sp/hard/libnosys.a(sbrk.o)

.debug_str      0x0000000000000000     0x5633
 .debug_str     0x0000000000000000      0xd60 /home/phong/Documents/thesis/stm32f4/build/queue.o
                                        0xe77 (size before relaxing)
 .debug_str     0x0000000000000d60       0xcc /home/phong/Documents/thesis/stm32f4/build/list.o
                                        0x6b6 (size before relaxing)
 .debug_str     0x0000000000000e2c      0xa4f /home/phong/Documents/thesis/stm32f4/build/tasks.o
                                       0x138a (size before relaxing)
 .debug_str     0x000000000000187b      0x99a /home/phong/Documents/thesis/stm32f4/build/log.o
                                        0xffd (size before relaxing)
 .debug_str     0x0000000000002215       0xf1 /home/phong/Documents/thesis/stm32f4/build/stm32f4xx_it.o
                                        0x73a (size before relaxing)
 .debug_str     0x0000000000002306       0xcd /home/phong/Documents/thesis/stm32f4/build/system_stm32f4xx.o
                                        0x3db (size before relaxing)